[08-16 17:21:45|INFO|../../../../ext_repos/cosmos-predict2.5/cosmos_predict2/_src/predict2/networks/minimal_v4_dit.py:1804:enable_selective_checkpoint] Enable selective checkpoint with mm_only, for every 1 blocks. Total blocks: 28
[08-16 17:21:45|INFO|../../../../ext_repos/cosmos-predict2.5/cosmos_predict2/_src/predict2/networks/minimal_v4_dit.py:1810:enable_selective_checkpoint] Enable selective checkpoint for block 0
[08-16 17:21:45|INFO|../../../../ext_repos/cosmos-predict2.5/cosmos_predict2/_src/predict2/networks/minimal_v4_dit.py:1810:enable_selective_checkpoint] Enable selective checkpoint for block 1
[08-16 17:21:45|INFO|../../../../ext_repos/cosmos-predict2.5/cosmos_predict2/_src/predict2/networks/minimal_v4_dit.py:1810:enable_selective_checkpoint] Enable selective checkpoint for block 2
[08-16 17:21:45|INFO|../../../../ext_repos/cosmos-predict2.5/cosmos_predict2/_src/predict2/networks/minimal_v4_dit.py:1810:enable_selective_checkpoint] Enable selective checkpoint for block 3
[08-16 17:21:45|INFO|../../../../ext_repos/cosmos-predict2.5/cosmos_predict2/_src/predict2/networks/minimal_v4_dit.py:1810:enable_selective_checkpoint] Enable selective checkpoint for block 4
[08-16 17:21:45|INFO|../../../../ext_repos/cosmos-predict2.5/cosmos_predict2/_src/predict2/networks/minimal_v4_dit.py:1810:enable_selective_checkpoint] Enable selective checkpoint for block 5
[08-16 17:21:45|INFO|../../../../ext_repos/cosmos-predict2.5/cosmos_predict2/_src/predict2/networks/minimal_v4_dit.py:1810:enable_selective_checkpoint] Enable selective checkpoint for block 6
[08-16 17:21:45|INFO|../../../../ext_repos/cosmos-predict2.5/cosmos_predict2/_src/predict2/networks/minimal_v4_dit.py:1810:enable_selective_checkpoint] Enable selective checkpoint for block 7
[08-16 17:21:45|INFO|../../../../ext_repos/cosmos-predict2.5/cosmos_predict2/_src/predict2/networks/minimal_v4_dit.py:1810:enable_selective_checkpoint] Enable selective checkpoint for block 8
[08-16 17:21:45|INFO|../../../../ext_repos/cosmos-predict2.5/cosmos_predict2/_src/predict2/networks/minimal_v4_dit.py:1810:enable_selective_checkpoint] Enable selective checkpoint for block 9
[08-16 17:21:45|INFO|../../../../ext_repos/cosmos-predict2.5/cosmos_predict2/_src/predict2/networks/minimal_v4_dit.py:1810:enable_selective_checkpoint] Enable selective checkpoint for block 10
[08-16 17:21:45|INFO|../../../../ext_repos/cosmos-predict2.5/cosmos_predict2/_src/predict2/networks/minimal_v4_dit.py:1810:enable_selective_checkpoint] Enable selective checkpoint for block 11
[08-16 17:21:45|INFO|../../../../ext_repos/cosmos-predict2.5/cosmos_predict2/_src/predict2/networks/minimal_v4_dit.py:1810:enable_selective_checkpoint] Enable selective checkpoint for block 12
[08-16 17:21:45|INFO|../../../../ext_repos/cosmos-predict2.5/cosmos_predict2/_src/predict2/networks/minimal_v4_dit.py:1810:enable_selective_checkpoint] Enable selective checkpoint for block 13
[08-16 17:21:45|INFO|../../../../ext_repos/cosmos-predict2.5/cosmos_predict2/_src/predict2/networks/minimal_v4_dit.py:1810:enable_selective_checkpoint] Enable selective checkpoint for block 14
[08-16 17:21:45|INFO|../../../../ext_repos/cosmos-predict2.5/cosmos_predict2/_src/predict2/networks/minimal_v4_dit.py:1810:enable_selective_checkpoint] Enable selective checkpoint for block 15
[08-16 17:21:45|INFO|../../../../ext_repos/cosmos-predict2.5/cosmos_predict2/_src/predict2/networks/minimal_v4_dit.py:1810:enable_selective_checkpoint] Enable selective checkpoint for block 16
[08-16 17:21:45|INFO|../../../../ext_repos/cosmos-predict2.5/cosmos_predict2/_src/predict2/networks/minimal_v4_dit.py:1810:enable_selective_checkpoint] Enable selective checkpoint for block 17
[08-16 17:21:45|INFO|../../../../ext_repos/cosmos-predict2.5/cosmos_predict2/_src/predict2/networks/minimal_v4_dit.py:1810:enable_selective_checkpoint] Enable selective checkpoint for block 18
[08-16 17:21:45|INFO|../../../../ext_repos/cosmos-predict2.5/cosmos_predict2/_src/predict2/networks/minimal_v4_dit.py:1810:enable_selective_checkpoint] Enable selective checkpoint for block 19
[08-16 17:21:45|INFO|../../../../ext_repos/cosmos-predict2.5/cosmos_predict2/_src/predict2/networks/minimal_v4_dit.py:1810:enable_selective_checkpoint] Enable selective checkpoint for block 20
[08-16 17:21:45|INFO|../../../../ext_repos/cosmos-predict2.5/cosmos_predict2/_src/predict2/networks/minimal_v4_dit.py:1810:enable_selective_checkpoint] Enable selective checkpoint for block 21
[08-16 17:21:45|INFO|../../../../ext_repos/cosmos-predict2.5/cosmos_predict2/_src/predict2/networks/minimal_v4_dit.py:1810:enable_selective_checkpoint] Enable selective checkpoint for block 22
[08-16 17:21:45|INFO|../../../../ext_repos/cosmos-predict2.5/cosmos_predict2/_src/predict2/networks/minimal_v4_dit.py:1810:enable_selective_checkpoint] Enable selective checkpoint for block 23
[08-16 17:21:45|INFO|../../../../ext_repos/cosmos-predict2.5/cosmos_predict2/_src/predict2/networks/minimal_v4_dit.py:1810:enable_selective_checkpoint] Enable selective checkpoint for block 24
[08-16 17:21:45|INFO|../../../../ext_repos/cosmos-predict2.5/cosmos_predict2/_src/predict2/networks/minimal_v4_dit.py:1810:enable_selective_checkpoint] Enable selective checkpoint for block 25
[08-16 17:21:45|INFO|../../../../ext_repos/cosmos-predict2.5/cosmos_predict2/_src/predict2/networks/minimal_v4_dit.py:1810:enable_selective_checkpoint] Enable selective checkpoint for block 26
[08-16 17:21:45|INFO|../../../../ext_repos/cosmos-predict2.5/cosmos_predict2/_src/predict2/networks/minimal_v4_dit.py:1810:enable_selective_checkpoint] Enable selective checkpoint for block 27
[08-16 17:21:45|INFO|../../../../ext_repos/cosmos-predict2.5/cosmos_predict2/_src/predict2/action/networks/action_conditioned_minimal_v1_lvg_dit.py:217:__init__] hidden_dim_in_action_embedder: 8192
load: missing=4 (embedder fc1 포함 정상) unexpected=0
resumed from step 4375 (latest.pt) — 체크포인트 568개 중 568개 적용
trainable params: 113.4M
DDP world_size=1, per_gpu_batch=8, global_micro_batch=8, accum=1, effective_batch=8
ACT_DROP=0 (액션 드롭아웃 없음)
/home/nas5/kinamkim/Repos/geonwoo/ext_repos/cosmos-predict2.5/.venv/lib/python3.10/site-packages/torch/nn/modules/transformer.py:382: UserWarning: enable_nested_tensor is True, but self.use_nested_tensor is False because encoder_layer.norm_first was True
  warnings.warn(
AUX ON (LatentIDM2, val 0.1143): w=0.3 p=0.3
latent mode ON: 203165 windows, motion-weighted (p50=0.0644, MOTION_POW=1, 가중치 0.30~3.00배)
sampler: 중복 허용 seed=1234 전역 뽑기 203,165회/epoch, rank별 분할
옵티마이저 상태 복원 (step 4375)
val 손실 측정 ON: 창 96개, 625 스텝마다 (에피소드 단위 분리, 고정 노이즈)
시작 스텝 4375 → 25000 에서 종료
step 4380 exposure 35040 rf 0.1349(5) aux 0.1100 0.87s/it mem/rank 73.9GB
step 4400 exposure 35200 rf 0.1127(20) aux 0.1343 1.23s/it mem/rank 73.9GB
step 4420 exposure 35360 rf 0.1362(20) aux 0.1207 1.24s/it mem/rank 73.9GB
step 4440 exposure 35520 rf 0.1539(20) aux 0.1123 1.24s/it mem/rank 73.9GB
step 4460 exposure 35680 rf 0.1641(20) aux 0.1470 1.24s/it mem/rank 73.9GB
step 4480 exposure 35840 rf 0.1799(20) aux 0.1247 1.24s/it mem/rank 73.9GB
step 4500 exposure 36000 rf 0.1261(20) aux 0.1264 1.24s/it mem/rank 73.9GB
step 4520 exposure 36160 rf 0.1479(20) aux 0.1310 1.23s/it mem/rank 73.9GB
step 4540 exposure 36320 rf 0.1533(20) aux 0.1452 1.24s/it mem/rank 73.9GB
step 4560 exposure 36480 rf 0.1309(20) aux 0.1420 1.23s/it mem/rank 73.9GB
step 4580 exposure 36640 rf 0.1849(20) aux 0.1410 1.23s/it mem/rank 73.9GB
step 4600 exposure 36800 rf 0.1253(20) aux 0.1453 1.23s/it mem/rank 73.9GB
step 4620 exposure 36960 rf 0.1179(20) aux 0.1402 1.23s/it mem/rank 73.9GB
step 4640 exposure 37120 rf 0.1287(20) aux 0.1153 1.23s/it mem/rank 73.9GB
step 4660 exposure 37280 rf 0.1081(20) aux 0.1149 1.23s/it mem/rank 73.9GB
step 4680 exposure 37440 rf 0.1427(20) aux 0.1320 1.23s/it mem/rank 73.9GB
step 4700 exposure 37600 rf 0.1633(20) aux 0.1355 1.23s/it mem/rank 73.9GB
step 4720 exposure 37760 rf 0.1380(20) aux 0.1276 1.24s/it mem/rank 73.9GB
step 4740 exposure 37920 rf 0.1436(20) aux 0.1395 1.23s/it mem/rank 73.9GB
step 4760 exposure 38080 rf 0.1682(20) aux 0.1352 1.24s/it mem/rank 73.9GB
step 4780 exposure 38240 rf 0.1637(20) aux 0.1253 1.23s/it mem/rank 73.9GB
step 4800 exposure 38400 rf 0.1271(20) aux 0.1220 1.23s/it mem/rank 73.9GB
step 4820 exposure 38560 rf 0.1722(20) aux 0.1498 1.22s/it mem/rank 73.9GB
step 4840 exposure 38720 rf 0.0955(20) aux 0.1415 1.21s/it mem/rank 73.9GB
step 4860 exposure 38880 rf 0.1411(20) aux 0.1336 1.23s/it mem/rank 73.9GB
step 4880 exposure 39040 rf 0.1004(20) aux 0.1184 1.23s/it mem/rank 73.9GB
step 4900 exposure 39200 rf 0.1378(20) aux 0.1313 1.22s/it mem/rank 73.9GB
step 4920 exposure 39360 rf 0.1337(20) aux 0.1218 1.22s/it mem/rank 73.9GB
step 4940 exposure 39520 rf 0.0989(20) aux 0.1315 1.22s/it mem/rank 73.9GB
step 4960 exposure 39680 rf 0.1179(20) aux 0.1116 1.23s/it mem/rank 73.9GB
step 4980 exposure 39840 rf 0.1202(20) aux 0.1306 1.23s/it mem/rank 73.9GB
step 5000 exposure 40000 rf 0.1700(20) aux 0.1261 1.23s/it mem/rank 73.9GB
VAL step 5000 val_loss 0.12295  (32초)
saved checkpoint at step 5000
step 5020 exposure 40160 rf 0.1199(20) aux 0.1234 2.58s/it mem/rank 73.9GB
step 5040 exposure 40320 rf 0.1144(20) aux 0.1371 1.24s/it mem/rank 73.9GB
step 5060 exposure 40480 rf 0.1040(20) aux 0.1175 1.24s/it mem/rank 73.9GB
step 5080 exposure 40640 rf 0.1128(20) aux 0.1292 1.24s/it mem/rank 73.9GB
step 5100 exposure 40800 rf 0.1330(20) aux 0.1322 1.23s/it mem/rank 73.9GB
step 5120 exposure 40960 rf 0.1251(20) aux 0.1386 1.24s/it mem/rank 73.9GB
step 5140 exposure 41120 rf 0.1309(20) aux 0.1313 1.23s/it mem/rank 73.9GB
step 5160 exposure 41280 rf 0.1702(20) aux 0.1232 1.25s/it mem/rank 73.9GB
step 5180 exposure 41440 rf 0.1214(20) aux 0.1216 2.09s/it mem/rank 73.9GB
step 5200 exposure 41600 rf 0.1557(20) aux 0.1213 2.20s/it mem/rank 73.9GB
step 5220 exposure 41760 rf 0.0988(20) aux 0.1483 2.37s/it mem/rank 73.9GB
step 5240 exposure 41920 rf 0.1278(20) aux 0.1462 2.31s/it mem/rank 73.9GB
step 5260 exposure 42080 rf 0.1181(20) aux 0.1273 2.40s/it mem/rank 73.9GB
step 5280 exposure 42240 rf 0.1049(20) aux 0.1230 2.39s/it mem/rank 73.9GB
step 5300 exposure 42400 rf 0.1266(20) aux 0.1356 2.32s/it mem/rank 73.9GB
step 5320 exposure 42560 rf 0.1433(20) aux 0.1267 2.31s/it mem/rank 73.9GB
step 5340 exposure 42720 rf 0.1225(20) aux 0.1366 2.20s/it mem/rank 73.9GB
step 5360 exposure 42880 rf 0.1000(20) aux 0.1181 2.22s/it mem/rank 73.9GB
step 5380 exposure 43040 rf 0.1492(20) aux 0.1273 2.28s/it mem/rank 73.9GB
step 5400 exposure 43200 rf 0.1125(20) aux 0.1581 2.28s/it mem/rank 73.9GB
step 5420 exposure 43360 rf 0.1630(20) aux 0.1164 2.37s/it mem/rank 73.9GB
step 5440 exposure 43520 rf 0.1297(20) aux 0.1290 2.37s/it mem/rank 73.9GB
step 5460 exposure 43680 rf 0.1317(20) aux 0.1264 2.21s/it mem/rank 73.9GB
step 5480 exposure 43840 rf 0.1053(20) aux 0.1345 2.23s/it mem/rank 73.9GB
step 5500 exposure 44000 rf 0.1343(20) aux 0.1292 2.29s/it mem/rank 73.9GB
step 5520 exposure 44160 rf 0.1071(20) aux 0.1217 2.31s/it mem/rank 73.9GB
step 5540 exposure 44320 rf 0.1503(20) aux 0.1228 1.24s/it mem/rank 73.9GB
step 5560 exposure 44480 rf 0.1494(20) aux 0.1240 1.24s/it mem/rank 73.9GB
step 5580 exposure 44640 rf 0.0781(20) aux 0.1172 1.24s/it mem/rank 73.9GB
step 5600 exposure 44800 rf 0.0961(20) aux 0.1392 1.24s/it mem/rank 73.9GB
step 5620 exposure 44960 rf 0.1171(20) aux 0.1225 1.24s/it mem/rank 73.9GB
VAL step 5625 val_loss 0.11985  (32초)
saved checkpoint at step 5625
step 5640 exposure 45120 rf 0.0910(20) aux 0.1417 2.65s/it mem/rank 73.9GB
step 5660 exposure 45280 rf 0.1049(20) aux 0.1140 1.24s/it mem/rank 73.9GB
step 5680 exposure 45440 rf 0.1239(20) aux 0.1367 1.24s/it mem/rank 73.9GB
step 5700 exposure 45600 rf 0.1311(20) aux 0.1263 1.24s/it mem/rank 73.9GB
step 5720 exposure 45760 rf 0.1191(20) aux 0.1234 1.55s/it mem/rank 73.9GB
step 5740 exposure 45920 rf 0.1543(20) aux 0.1315 2.28s/it mem/rank 73.9GB
step 5760 exposure 46080 rf 0.1291(20) aux 0.1216 2.28s/it mem/rank 73.9GB
step 5780 exposure 46240 rf 0.1397(20) aux 0.1255 2.26s/it mem/rank 73.9GB
step 5800 exposure 46400 rf 0.1075(20) aux 0.1416 2.28s/it mem/rank 73.9GB
step 5820 exposure 46560 rf 0.1107(20) aux 0.1139 2.16s/it mem/rank 73.9GB
step 5840 exposure 46720 rf 0.1274(20) aux 0.1224 2.14s/it mem/rank 73.9GB
step 5860 exposure 46880 rf 0.1147(20) aux 0.1369 2.28s/it mem/rank 73.9GB
step 5880 exposure 47040 rf 0.1107(20) aux 0.1473 2.28s/it mem/rank 73.9GB
step 5900 exposure 47200 rf 0.0879(20) aux 0.1259 2.26s/it mem/rank 73.9GB
step 5920 exposure 47360 rf 0.1013(20) aux 0.1166 2.30s/it mem/rank 73.9GB
step 5940 exposure 47520 rf 0.1033(20) aux 0.1138 2.28s/it mem/rank 73.9GB
step 5960 exposure 47680 rf 0.1280(20) aux 0.1219 2.28s/it mem/rank 73.9GB
step 5980 exposure 47840 rf 0.1173(20) aux 0.1155 2.28s/it mem/rank 73.9GB
step 6000 exposure 48000 rf 0.1274(20) aux 0.1307 2.27s/it mem/rank 73.9GB
step 6020 exposure 48160 rf 0.1125(20) aux 0.1416 2.27s/it mem/rank 73.9GB
step 6040 exposure 48320 rf 0.1130(20) aux 0.1317 2.28s/it mem/rank 73.9GB
step 6060 exposure 48480 rf 0.1015(20) aux 0.1335 2.28s/it mem/rank 73.9GB
step 6080 exposure 48640 rf 0.0790(20) aux 0.1421 2.26s/it mem/rank 73.9GB
step 6100 exposure 48800 rf 0.1345(20) aux 0.1388 2.30s/it mem/rank 73.9GB
step 6120 exposure 48960 rf 0.1007(20) aux 0.1221 2.28s/it mem/rank 73.9GB
step 6140 exposure 49120 rf 0.1134(20) aux 0.1166 2.26s/it mem/rank 73.9GB
step 6160 exposure 49280 rf 0.1183(20) aux 0.1214 2.28s/it mem/rank 73.9GB
step 6180 exposure 49440 rf 0.1174(20) aux 0.1348 2.28s/it mem/rank 73.9GB
step 6200 exposure 49600 rf 0.1146(20) aux 0.1128 2.08s/it mem/rank 73.9GB
step 6220 exposure 49760 rf 0.1383(20) aux 0.1314 2.28s/it mem/rank 73.9GB
step 6240 exposure 49920 rf 0.1224(20) aux 0.1308 2.26s/it mem/rank 73.9GB
VAL step 6250 val_loss 0.12187  (36초)
saved checkpoint at step 6250
step 6260 exposure 50080 rf 0.1302(20) aux 0.1363 2.02s/it mem/rank 73.9GB
step 6280 exposure 50240 rf 0.1056(20) aux 0.1349 2.28s/it mem/rank 73.9GB
step 6300 exposure 50400 rf 0.0914(20) aux 0.1263 2.05s/it mem/rank 73.9GB
step 6320 exposure 50560 rf 0.1182(20) aux 0.1027 1.98s/it mem/rank 73.9GB
step 6340 exposure 50720 rf 0.1221(20) aux 0.1272 1.98s/it mem/rank 73.9GB
step 6360 exposure 50880 rf 0.1247(20) aux 0.1450 2.09s/it mem/rank 73.9GB
step 6380 exposure 51040 rf 0.1144(20) aux 0.1214 2.03s/it mem/rank 73.9GB
step 6400 exposure 51200 rf 0.1407(20) aux 0.1262 2.11s/it mem/rank 73.9GB
step 6420 exposure 51360 rf 0.1064(20) aux 0.1263 1.93s/it mem/rank 73.9GB
step 6440 exposure 51520 rf 0.1318(20) aux 0.1256 1.95s/it mem/rank 73.9GB
step 6460 exposure 51680 rf 0.1289(20) aux 0.1312 2.07s/it mem/rank 73.9GB
step 6480 exposure 51840 rf 0.1364(20) aux 0.1317 2.11s/it mem/rank 73.9GB
step 6500 exposure 52000 rf 0.1572(20) aux 0.1347 1.90s/it mem/rank 73.9GB
step 6520 exposure 52160 rf 0.1179(20) aux 0.1117 1.99s/it mem/rank 73.9GB
step 6540 exposure 52320 rf 0.0993(20) aux 0.1291 2.06s/it mem/rank 73.9GB
step 6560 exposure 52480 rf 0.1185(20) aux 0.1249 2.51s/it mem/rank 73.9GB
step 6580 exposure 52640 rf 0.0891(20) aux 0.1402 1.87s/it mem/rank 73.9GB
step 6600 exposure 52800 rf 0.0970(20) aux 0.1318 2.14s/it mem/rank 73.9GB
step 6620 exposure 52960 rf 0.1216(20) aux 0.1274 1.64s/it mem/rank 73.9GB
step 6640 exposure 53120 rf 0.0836(20) aux 0.1162 3.34s/it mem/rank 73.9GB
step 6660 exposure 53280 rf 0.1071(20) aux 0.1179 2.03s/it mem/rank 73.9GB
step 6680 exposure 53440 rf 0.1363(20) aux 0.1222 2.10s/it mem/rank 73.9GB
step 6700 exposure 53600 rf 0.1305(20) aux 0.1266 1.98s/it mem/rank 73.9GB
step 6720 exposure 53760 rf 0.0892(20) aux 0.1304 2.04s/it mem/rank 73.9GB
step 6740 exposure 53920 rf 0.1601(20) aux 0.1335 1.89s/it mem/rank 73.9GB
step 6760 exposure 54080 rf 0.1492(20) aux 0.1283 3.03s/it mem/rank 73.9GB
step 6780 exposure 54240 rf 0.1072(20) aux 0.1364 2.04s/it mem/rank 73.9GB
step 6800 exposure 54400 rf 0.1357(20) aux 0.1428 1.87s/it mem/rank 73.9GB
step 6820 exposure 54560 rf 0.1085(20) aux 0.1172 1.95s/it mem/rank 73.9GB
step 6840 exposure 54720 rf 0.1040(20) aux 0.1333 1.74s/it mem/rank 73.9GB
step 6860 exposure 54880 rf 0.1211(20) aux 0.1196 1.93s/it mem/rank 73.9GB
VAL step 6875 val_loss 0.11747  (34초)
saved checkpoint at step 6875
step 6880 exposure 55040 rf 0.0889(20) aux 0.1149 11.11s/it mem/rank 73.9GB
step 6900 exposure 55200 rf 0.1011(20) aux 0.1274 1.24s/it mem/rank 73.9GB
step 6920 exposure 55360 rf 0.1029(20) aux 0.1247 1.23s/it mem/rank 73.9GB
step 6940 exposure 55520 rf 0.1077(20) aux 0.1136 1.23s/it mem/rank 73.9GB
step 6960 exposure 55680 rf 0.1207(20) aux 0.1308 1.40s/it mem/rank 73.9GB
step 6980 exposure 55840 rf 0.1229(20) aux 0.1196 1.24s/it mem/rank 73.9GB
step 7000 exposure 56000 rf 0.1346(20) aux 0.1246 2.94s/it mem/rank 73.9GB
step 7020 exposure 56160 rf 0.1414(20) aux 0.1502 1.23s/it mem/rank 73.9GB
step 7040 exposure 56320 rf 0.1269(20) aux 0.1308 6.19s/it mem/rank 73.9GB
step 7060 exposure 56480 rf 0.1450(20) aux 0.1237 1.23s/it mem/rank 73.9GB
step 7080 exposure 56640 rf 0.1110(20) aux 0.1340 1.23s/it mem/rank 73.9GB
step 7100 exposure 56800 rf 0.0845(20) aux 0.1187 1.23s/it mem/rank 73.9GB
step 7120 exposure 56960 rf 0.1127(20) aux 0.1404 1.35s/it mem/rank 73.9GB
step 7140 exposure 57120 rf 0.0971(20) aux 0.1198 1.23s/it mem/rank 73.9GB
step 7160 exposure 57280 rf 0.1234(20) aux 0.1434 1.24s/it mem/rank 73.9GB
step 7180 exposure 57440 rf 0.1076(20) aux 0.1311 1.23s/it mem/rank 73.9GB
step 7200 exposure 57600 rf 0.1041(20) aux 0.1371 1.24s/it mem/rank 73.9GB
step 7220 exposure 57760 rf 0.1212(20) aux 0.1453 1.24s/it mem/rank 73.9GB
step 7240 exposure 57920 rf 0.1227(20) aux 0.1308 1.31s/it mem/rank 73.9GB
step 7260 exposure 58080 rf 0.1339(20) aux 0.1232 1.24s/it mem/rank 73.9GB
step 7280 exposure 58240 rf 0.1165(20) aux 0.1565 1.66s/it mem/rank 73.9GB
step 7300 exposure 58400 rf 0.1467(20) aux 0.1255 1.29s/it mem/rank 73.9GB
step 7320 exposure 58560 rf 0.1259(20) aux 0.1209 1.74s/it mem/rank 73.9GB
step 7340 exposure 58720 rf 0.1381(20) aux 0.1163 1.24s/it mem/rank 73.9GB
step 7360 exposure 58880 rf 0.1125(20) aux 0.1238 1.23s/it mem/rank 73.9GB
step 7380 exposure 59040 rf 0.0882(20) aux 0.1402 1.24s/it mem/rank 73.9GB
step 7400 exposure 59200 rf 0.1043(20) aux 0.1286 1.24s/it mem/rank 73.9GB
step 7420 exposure 59360 rf 0.1139(20) aux 0.1319 1.23s/it mem/rank 73.9GB
step 7440 exposure 59520 rf 0.1205(20) aux 0.1191 1.23s/it mem/rank 73.9GB
step 7460 exposure 59680 rf 0.1116(20) aux 0.1277 1.22s/it mem/rank 73.9GB
step 7480 exposure 59840 rf 0.1272(20) aux 0.1343 1.23s/it mem/rank 73.9GB
step 7500 exposure 60000 rf 0.1574(20) aux 0.1291 1.23s/it mem/rank 73.9GB
VAL step 7500 val_loss 0.11686  (31초)
saved checkpoint at step 7500
step 7520 exposure 60160 rf 0.1098(20) aux 0.1181 4.93s/it mem/rank 73.9GB
step 7540 exposure 60320 rf 0.1046(20) aux 0.1157 1.24s/it mem/rank 73.9GB
step 7560 exposure 60480 rf 0.1209(20) aux 0.1423 1.24s/it mem/rank 73.9GB
step 7580 exposure 60640 rf 0.1150(20) aux 0.1295 1.23s/it mem/rank 73.9GB
step 7600 exposure 60800 rf 0.0969(20) aux 0.1213 1.24s/it mem/rank 73.9GB
step 7620 exposure 60960 rf 0.0958(20) aux 0.1345 1.24s/it mem/rank 73.9GB
step 7640 exposure 61120 rf 0.1253(20) aux 0.1127 1.61s/it mem/rank 73.9GB
step 7660 exposure 61280 rf 0.1469(20) aux 0.1251 2.32s/it mem/rank 73.9GB
step 7680 exposure 61440 rf 0.0787(20) aux 0.1323 2.23s/it mem/rank 73.9GB
step 7700 exposure 61600 rf 0.1101(20) aux 0.1461 2.06s/it mem/rank 73.9GB
step 7720 exposure 61760 rf 0.1086(20) aux 0.1310 2.32s/it mem/rank 73.9GB
step 7740 exposure 61920 rf 0.1300(20) aux 0.1278 2.31s/it mem/rank 73.9GB
step 7760 exposure 62080 rf 0.1128(20) aux 0.1375 2.32s/it mem/rank 73.9GB
step 7780 exposure 62240 rf 0.1197(20) aux 0.1427 2.32s/it mem/rank 73.9GB
step 7800 exposure 62400 rf 0.1047(20) aux 0.1355 2.32s/it mem/rank 73.9GB
step 7820 exposure 62560 rf 0.0989(20) aux 0.1187 2.28s/it mem/rank 73.9GB
step 7840 exposure 62720 rf 0.0919(20) aux 0.1321 2.00s/it mem/rank 73.9GB
step 7860 exposure 62880 rf 0.1579(20) aux 0.1190 2.05s/it mem/rank 73.9GB
step 7880 exposure 63040 rf 0.1123(20) aux 0.1251 2.15s/it mem/rank 73.9GB
step 7900 exposure 63200 rf 0.1129(20) aux 0.1189 2.03s/it mem/rank 73.9GB
step 7920 exposure 63360 rf 0.0961(20) aux 0.1632 1.89s/it mem/rank 73.9GB
step 7940 exposure 63520 rf 0.1354(20) aux 0.1397 2.07s/it mem/rank 73.9GB
step 7960 exposure 63680 rf 0.1178(20) aux 0.1038 1.99s/it mem/rank 73.9GB
step 7980 exposure 63840 rf 0.0824(20) aux 0.1559 2.22s/it mem/rank 73.9GB
step 8000 exposure 64000 rf 0.0941(20) aux 0.1249 2.34s/it mem/rank 73.9GB
step 8020 exposure 64160 rf 0.1183(20) aux 0.1218 2.31s/it mem/rank 73.9GB
step 8040 exposure 64320 rf 0.1455(20) aux 0.1194 2.28s/it mem/rank 73.9GB
step 8060 exposure 64480 rf 0.1192(20) aux 0.1197 2.13s/it mem/rank 73.9GB
step 8080 exposure 64640 rf 0.1210(20) aux 0.1273 2.18s/it mem/rank 73.9GB
step 8100 exposure 64800 rf 0.1664(20) aux 0.1336 1.66s/it mem/rank 73.9GB
step 8120 exposure 64960 rf 0.1285(20) aux 0.1265 1.83s/it mem/rank 73.9GB
VAL step 8125 val_loss 0.11926  (32초)
saved checkpoint at step 8125
step 8140 exposure 65120 rf 0.1246(20) aux 0.1197 5.53s/it mem/rank 73.9GB
step 8160 exposure 65280 rf 0.1214(20) aux 0.1344 2.15s/it mem/rank 73.9GB
step 8180 exposure 65440 rf 0.0964(20) aux 0.1218 2.06s/it mem/rank 73.9GB
step 8200 exposure 65600 rf 0.1318(20) aux 0.1142 1.96s/it mem/rank 73.9GB
step 8220 exposure 65760 rf 0.1021(20) aux 0.1333 1.95s/it mem/rank 73.9GB
step 8240 exposure 65920 rf 0.1488(20) aux 0.1300 2.36s/it mem/rank 73.9GB
step 8260 exposure 66080 rf 0.1353(20) aux 0.1288 2.10s/it mem/rank 73.9GB
step 8280 exposure 66240 rf 0.1203(20) aux 0.1331 2.14s/it mem/rank 73.9GB
step 8300 exposure 66400 rf 0.1111(20) aux 0.1384 2.05s/it mem/rank 73.9GB
step 8320 exposure 66560 rf 0.1476(20) aux 0.1268 2.09s/it mem/rank 73.9GB
step 8340 exposure 66720 rf 0.1223(20) aux 0.1162 2.18s/it mem/rank 73.9GB
step 8360 exposure 66880 rf 0.1254(20) aux 0.1146 2.15s/it mem/rank 73.9GB
step 8380 exposure 67040 rf 0.1365(20) aux 0.1392 1.86s/it mem/rank 73.9GB
step 8400 exposure 67200 rf 0.1236(20) aux 0.1205 2.10s/it mem/rank 73.9GB
step 8420 exposure 67360 rf 0.0899(20) aux 0.1440 2.25s/it mem/rank 73.9GB
step 8440 exposure 67520 rf 0.1232(20) aux 0.1311 2.20s/it mem/rank 73.9GB
step 8460 exposure 67680 rf 0.0907(20) aux 0.1381 2.26s/it mem/rank 73.9GB
step 8480 exposure 67840 rf 0.1110(20) aux 0.1379 2.32s/it mem/rank 73.9GB
step 8500 exposure 68000 rf 0.1245(20) aux 0.1269 2.19s/it mem/rank 73.9GB
step 8520 exposure 68160 rf 0.1186(20) aux 0.1270 2.31s/it mem/rank 73.9GB
step 8540 exposure 68320 rf 0.1353(20) aux 0.1309 2.30s/it mem/rank 73.9GB
step 8560 exposure 68480 rf 0.1036(20) aux 0.1489 2.31s/it mem/rank 73.9GB
step 8580 exposure 68640 rf 0.1137(20) aux 0.1379 2.26s/it mem/rank 73.9GB
step 8600 exposure 68800 rf 0.1001(20) aux 0.1290 2.31s/it mem/rank 73.9GB
step 8620 exposure 68960 rf 0.1050(20) aux 0.1186 2.31s/it mem/rank 73.9GB
step 8640 exposure 69120 rf 0.0918(20) aux 0.1310 2.30s/it mem/rank 73.9GB
step 8660 exposure 69280 rf 0.1260(20) aux 0.1271 2.25s/it mem/rank 73.9GB
step 8680 exposure 69440 rf 0.1283(20) aux 0.1154 2.29s/it mem/rank 73.9GB
step 8700 exposure 69600 rf 0.1193(20) aux 0.1380 2.24s/it mem/rank 73.9GB
step 8720 exposure 69760 rf 0.1212(20) aux 0.1294 2.31s/it mem/rank 73.9GB
step 8740 exposure 69920 rf 0.1019(20) aux 0.1352 2.31s/it mem/rank 73.9GB
VAL step 8750 val_loss 0.11578  (35초)
saved checkpoint at step 8750
step 8760 exposure 70080 rf 0.1328(20) aux 0.1273 2.70s/it mem/rank 73.9GB
step 8780 exposure 70240 rf 0.0979(20) aux 0.1344 2.33s/it mem/rank 73.9GB
step 8800 exposure 70400 rf 0.1216(20) aux 0.1355 2.32s/it mem/rank 73.9GB
step 8820 exposure 70560 rf 0.1202(20) aux 0.1367 2.32s/it mem/rank 73.9GB
step 8840 exposure 70720 rf 0.1098(20) aux 0.1413 2.32s/it mem/rank 73.9GB
step 8860 exposure 70880 rf 0.1418(20) aux 0.1214 2.33s/it mem/rank 73.9GB
step 8880 exposure 71040 rf 0.0944(20) aux 0.1403 2.31s/it mem/rank 73.9GB
step 8900 exposure 71200 rf 0.1357(20) aux 0.1299 2.33s/it mem/rank 73.9GB
step 8920 exposure 71360 rf 0.0895(20) aux 0.1262 2.20s/it mem/rank 73.9GB
step 8940 exposure 71520 rf 0.1074(20) aux 0.1162 2.17s/it mem/rank 73.9GB
step 8960 exposure 71680 rf 0.1097(20) aux 0.1320 2.25s/it mem/rank 73.9GB
step 8980 exposure 71840 rf 0.1304(20) aux 0.1205 1.86s/it mem/rank 73.9GB
step 9000 exposure 72000 rf 0.1092(20) aux 0.1310 1.68s/it mem/rank 73.9GB
step 9020 exposure 72160 rf 0.1281(20) aux 0.1344 1.80s/it mem/rank 73.9GB
step 9040 exposure 72320 rf 0.1153(20) aux 0.1242 1.93s/it mem/rank 73.9GB
step 9060 exposure 72480 rf 0.1545(20) aux 0.1278 3.10s/it mem/rank 73.9GB
step 9080 exposure 72640 rf 0.1201(20) aux 0.1264 2.31s/it mem/rank 73.9GB
step 9100 exposure 72800 rf 0.0909(20) aux 0.1299 2.31s/it mem/rank 73.9GB
step 9120 exposure 72960 rf 0.1175(20) aux 0.1222 2.32s/it mem/rank 73.9GB
step 9140 exposure 73120 rf 0.1300(20) aux 0.1174 2.32s/it mem/rank 73.9GB
step 9160 exposure 73280 rf 0.1340(20) aux 0.1374 2.32s/it mem/rank 73.9GB
step 9180 exposure 73440 rf 0.1156(20) aux 0.1259 2.32s/it mem/rank 73.9GB
step 9200 exposure 73600 rf 0.1063(20) aux 0.1163 2.32s/it mem/rank 73.9GB
step 9220 exposure 73760 rf 0.1191(20) aux 0.1325 1.91s/it mem/rank 73.9GB
step 9240 exposure 73920 rf 0.1378(20) aux 0.1294 1.20s/it mem/rank 73.9GB
step 9260 exposure 74080 rf 0.0973(20) aux 0.1509 1.21s/it mem/rank 73.9GB
step 9280 exposure 74240 rf 0.0957(20) aux 0.1284 1.22s/it mem/rank 73.9GB
step 9300 exposure 74400 rf 0.0843(20) aux 0.1727 1.21s/it mem/rank 73.9GB
step 9320 exposure 74560 rf 0.0963(20) aux 0.1229 1.20s/it mem/rank 73.9GB
step 9340 exposure 74720 rf 0.1111(20) aux 0.1469 1.20s/it mem/rank 73.9GB
step 9360 exposure 74880 rf 0.1075(20) aux 0.1222 1.20s/it mem/rank 73.9GB
VAL step 9375 val_loss 0.11580  (18초)
saved checkpoint at step 9375
step 9380 exposure 75040 rf 0.1359(20) aux 0.1425 1.44s/it mem/rank 73.9GB
step 9400 exposure 75200 rf 0.1154(20) aux 0.1387 1.22s/it mem/rank 73.9GB
step 9420 exposure 75360 rf 0.1136(20) aux 0.1248 1.21s/it mem/rank 73.9GB
step 9440 exposure 75520 rf 0.1443(20) aux 0.1402 1.21s/it mem/rank 73.9GB
step 9460 exposure 75680 rf 0.1043(20) aux 0.1509 1.22s/it mem/rank 73.9GB
step 9480 exposure 75840 rf 0.1500(20) aux 0.1340 1.20s/it mem/rank 73.9GB
step 9500 exposure 76000 rf 0.1203(20) aux 0.1244 1.20s/it mem/rank 73.9GB
step 9520 exposure 76160 rf 0.1198(20) aux 0.1276 1.20s/it mem/rank 73.9GB
step 9540 exposure 76320 rf 0.1256(20) aux 0.1210 1.20s/it mem/rank 73.9GB
step 9560 exposure 76480 rf 0.0896(20) aux 0.1372 1.22s/it mem/rank 73.9GB
step 9580 exposure 76640 rf 0.1052(20) aux 0.1148 1.21s/it mem/rank 73.9GB
step 9600 exposure 76800 rf 0.1301(20) aux 0.1203 1.22s/it mem/rank 73.9GB
step 9620 exposure 76960 rf 0.1215(20) aux 0.1165 1.20s/it mem/rank 73.9GB
step 9640 exposure 77120 rf 0.0918(20) aux 0.1415 1.20s/it mem/rank 73.9GB
step 9660 exposure 77280 rf 0.1247(20) aux 0.1205 1.20s/it mem/rank 73.9GB
step 9680 exposure 77440 rf 0.0919(20) aux 0.1307 1.20s/it mem/rank 73.9GB
step 9700 exposure 77600 rf 0.1242(20) aux 0.1255 1.20s/it mem/rank 73.9GB
step 9720 exposure 77760 rf 0.1177(20) aux 0.1354 1.20s/it mem/rank 73.9GB
step 9740 exposure 77920 rf 0.1135(20) aux 0.1164 1.20s/it mem/rank 73.9GB
step 9760 exposure 78080 rf 0.1216(20) aux 0.1380 1.20s/it mem/rank 73.9GB
step 9780 exposure 78240 rf 0.1244(20) aux 0.1318 1.20s/it mem/rank 73.9GB
step 9800 exposure 78400 rf 0.1135(20) aux 0.1152 1.20s/it mem/rank 73.9GB
step 9820 exposure 78560 rf 0.1103(20) aux 0.1304 1.20s/it mem/rank 73.9GB
step 9840 exposure 78720 rf 0.1195(20) aux 0.1232 1.20s/it mem/rank 73.9GB
step 9860 exposure 78880 rf 0.1081(20) aux 0.1172 1.20s/it mem/rank 73.9GB
step 9880 exposure 79040 rf 0.1023(20) aux 0.1378 1.20s/it mem/rank 73.9GB
step 9900 exposure 79200 rf 0.1277(20) aux 0.1366 1.20s/it mem/rank 73.9GB
step 9920 exposure 79360 rf 0.1176(20) aux 0.1307 1.20s/it mem/rank 73.9GB
step 9940 exposure 79520 rf 0.1505(20) aux 0.1190 1.20s/it mem/rank 73.9GB
step 9960 exposure 79680 rf 0.1365(20) aux 0.1277 1.20s/it mem/rank 73.9GB
step 9980 exposure 79840 rf 0.1047(20) aux 0.1375 1.20s/it mem/rank 73.9GB
step 10000 exposure 80000 rf 0.1210(20) aux 0.1452 1.20s/it mem/rank 73.9GB
VAL step 10000 val_loss 0.11369  (18초)
saved checkpoint at step 10000
step 10020 exposure 80160 rf 0.0841(20) aux 0.1173 2.05s/it mem/rank 73.9GB
step 10040 exposure 80320 rf 0.1312(20) aux 0.1217 1.20s/it mem/rank 73.9GB
step 10060 exposure 80480 rf 0.0874(20) aux 0.1319 1.20s/it mem/rank 73.9GB
step 10080 exposure 80640 rf 0.0956(20) aux 0.1259 1.19s/it mem/rank 73.9GB
step 10100 exposure 80800 rf 0.1012(20) aux 0.1258 1.20s/it mem/rank 73.9GB
step 10120 exposure 80960 rf 0.1489(20) aux 0.1298 1.20s/it mem/rank 73.9GB
step 10140 exposure 81120 rf 0.1038(20) aux 0.1353 1.20s/it mem/rank 73.9GB
step 10160 exposure 81280 rf 0.1020(20) aux 0.1393 1.20s/it mem/rank 73.9GB
step 10180 exposure 81440 rf 0.1391(20) aux 0.1290 1.20s/it mem/rank 73.9GB
step 10200 exposure 81600 rf 0.0975(20) aux 0.1277 1.20s/it mem/rank 73.9GB
step 10220 exposure 81760 rf 0.1319(20) aux 0.1236 1.20s/it mem/rank 73.9GB
step 10240 exposure 81920 rf 0.1100(20) aux 0.1174 1.21s/it mem/rank 73.9GB
step 10260 exposure 82080 rf 0.1282(20) aux 0.1240 1.21s/it mem/rank 73.9GB
step 10280 exposure 82240 rf 0.1182(20) aux 0.1237 1.20s/it mem/rank 73.9GB
step 10300 exposure 82400 rf 0.0948(20) aux 0.1294 1.20s/it mem/rank 73.9GB
step 10320 exposure 82560 rf 0.1163(20) aux 0.1499 1.20s/it mem/rank 73.9GB
step 10340 exposure 82720 rf 0.1265(20) aux 0.1264 1.21s/it mem/rank 73.9GB
step 10360 exposure 82880 rf 0.1334(20) aux 0.1257 1.20s/it mem/rank 73.9GB
step 10380 exposure 83040 rf 0.1287(20) aux 0.1401 1.20s/it mem/rank 73.9GB
step 10400 exposure 83200 rf 0.1153(20) aux 0.1180 1.20s/it mem/rank 73.9GB
step 10420 exposure 83360 rf 0.1102(20) aux 0.1303 1.20s/it mem/rank 73.9GB
step 10440 exposure 83520 rf 0.0965(20) aux 0.1220 1.20s/it mem/rank 73.9GB
step 10460 exposure 83680 rf 0.1281(20) aux 0.1312 1.20s/it mem/rank 73.9GB
step 10480 exposure 83840 rf 0.1348(20) aux 0.1294 1.20s/it mem/rank 73.9GB
step 10500 exposure 84000 rf 0.1152(20) aux 0.1200 1.20s/it mem/rank 73.9GB
step 10520 exposure 84160 rf 0.0909(20) aux 0.1110 1.20s/it mem/rank 73.9GB
step 10540 exposure 84320 rf 0.1299(20) aux 0.1400 1.22s/it mem/rank 73.9GB
step 10560 exposure 84480 rf 0.1092(20) aux 0.1183 1.20s/it mem/rank 73.9GB
step 10580 exposure 84640 rf 0.0913(20) aux 0.1246 1.20s/it mem/rank 73.9GB
step 10600 exposure 84800 rf 0.1405(20) aux 0.1247 1.20s/it mem/rank 73.9GB
step 10620 exposure 84960 rf 0.1179(20) aux 0.1250 1.20s/it mem/rank 73.9GB
VAL step 10625 val_loss 0.11373  (18초)
saved checkpoint at step 10625
step 10640 exposure 85120 rf 0.1117(20) aux 0.1567 1.76s/it mem/rank 73.9GB
step 10660 exposure 85280 rf 0.1100(20) aux 0.1222 1.20s/it mem/rank 73.9GB
step 10680 exposure 85440 rf 0.0953(20) aux 0.1230 1.20s/it mem/rank 73.9GB
step 10700 exposure 85600 rf 0.0987(20) aux 0.1394 1.21s/it mem/rank 73.9GB
step 10720 exposure 85760 rf 0.1104(20) aux 0.1193 1.20s/it mem/rank 73.9GB
step 10740 exposure 85920 rf 0.0966(20) aux 0.1212 1.22s/it mem/rank 73.9GB
step 10760 exposure 86080 rf 0.1084(20) aux 0.1323 1.21s/it mem/rank 73.9GB
step 10780 exposure 86240 rf 0.1441(20) aux 0.1201 1.20s/it mem/rank 73.9GB
step 10800 exposure 86400 rf 0.1101(20) aux 0.1112 1.20s/it mem/rank 73.9GB
step 10820 exposure 86560 rf 0.1022(20) aux 0.1196 1.22s/it mem/rank 73.9GB
step 10840 exposure 86720 rf 0.0799(20) aux 0.1203 1.22s/it mem/rank 73.9GB
step 10860 exposure 86880 rf 0.1125(20) aux 0.1301 1.20s/it mem/rank 73.9GB
step 10880 exposure 87040 rf 0.1432(20) aux 0.1241 1.20s/it mem/rank 73.9GB
step 10900 exposure 87200 rf 0.0853(20) aux 0.1442 1.22s/it mem/rank 73.9GB
step 10920 exposure 87360 rf 0.0970(20) aux 0.1229 1.22s/it mem/rank 73.9GB
step 10940 exposure 87520 rf 0.1153(20) aux 0.1289 1.20s/it mem/rank 73.9GB
step 10960 exposure 87680 rf 0.1520(20) aux 0.1397 1.20s/it mem/rank 73.9GB
step 10980 exposure 87840 rf 0.0966(20) aux 0.1138 1.20s/it mem/rank 73.9GB
step 11000 exposure 88000 rf 0.0973(20) aux 0.1423 1.20s/it mem/rank 73.9GB
step 11020 exposure 88160 rf 0.1066(20) aux 0.1180 1.20s/it mem/rank 73.9GB
step 11040 exposure 88320 rf 0.1292(20) aux 0.1203 1.22s/it mem/rank 73.9GB
step 11060 exposure 88480 rf 0.0820(20) aux 0.1437 1.21s/it mem/rank 73.9GB
step 11080 exposure 88640 rf 0.1277(20) aux 0.1300 1.20s/it mem/rank 73.9GB
step 11100 exposure 88800 rf 0.1125(20) aux 0.1212 1.22s/it mem/rank 73.9GB
step 11120 exposure 88960 rf 0.1311(20) aux 0.1412 1.21s/it mem/rank 73.9GB
step 11140 exposure 89120 rf 0.1159(20) aux 0.1198 1.20s/it mem/rank 73.9GB
step 11160 exposure 89280 rf 0.1191(20) aux 0.1217 1.20s/it mem/rank 73.9GB
step 11180 exposure 89440 rf 0.1048(20) aux 0.1327 1.20s/it mem/rank 73.9GB
step 11200 exposure 89600 rf 0.1121(20) aux 0.1357 1.20s/it mem/rank 73.9GB
step 11220 exposure 89760 rf 0.1125(20) aux 0.1174 1.20s/it mem/rank 73.9GB
step 11240 exposure 89920 rf 0.1107(20) aux 0.1337 1.20s/it mem/rank 73.9GB
VAL step 11250 val_loss 0.11244  (18초)
saved checkpoint at step 11250
step 11260 exposure 90080 rf 0.1001(20) aux 0.1364 1.38s/it mem/rank 73.9GB
step 11280 exposure 90240 rf 0.1179(20) aux 0.1122 1.22s/it mem/rank 73.9GB
step 11300 exposure 90400 rf 0.0919(20) aux 0.1292 1.22s/it mem/rank 73.9GB
step 11320 exposure 90560 rf 0.1119(20) aux 0.1214 1.20s/it mem/rank 73.9GB
step 11340 exposure 90720 rf 0.0792(20) aux 0.1275 1.20s/it mem/rank 73.9GB
step 11360 exposure 90880 rf 0.1081(20) aux 0.1373 1.20s/it mem/rank 73.9GB
step 11380 exposure 91040 rf 0.1092(20) aux 0.1267 1.20s/it mem/rank 73.9GB
step 11400 exposure 91200 rf 0.1069(20) aux 0.1341 1.20s/it mem/rank 73.9GB
step 11420 exposure 91360 rf 0.1052(20) aux 0.1420 1.20s/it mem/rank 73.9GB
step 11440 exposure 91520 rf 0.1074(20) aux 0.1320 1.20s/it mem/rank 73.9GB
step 11460 exposure 91680 rf 0.1114(20) aux 0.1220 1.20s/it mem/rank 73.9GB
step 11480 exposure 91840 rf 0.1221(20) aux 0.1589 1.20s/it mem/rank 73.9GB
step 11500 exposure 92000 rf 0.1151(20) aux 0.1211 1.20s/it mem/rank 73.9GB
step 11520 exposure 92160 rf 0.0944(20) aux 0.1398 1.20s/it mem/rank 73.9GB
step 11540 exposure 92320 rf 0.1093(20) aux 0.1249 1.20s/it mem/rank 73.9GB
step 11560 exposure 92480 rf 0.1358(20) aux 0.1340 1.21s/it mem/rank 73.9GB
step 11580 exposure 92640 rf 0.1052(20) aux 0.1130 1.21s/it mem/rank 73.9GB
step 11600 exposure 92800 rf 0.0936(20) aux 0.1233 1.20s/it mem/rank 73.9GB
step 11620 exposure 92960 rf 0.1070(20) aux 0.1382 1.20s/it mem/rank 73.9GB
step 11640 exposure 93120 rf 0.1056(20) aux 0.1338 1.20s/it mem/rank 73.9GB
step 11660 exposure 93280 rf 0.0903(20) aux 0.1351 1.20s/it mem/rank 73.9GB
step 11680 exposure 93440 rf 0.1092(20) aux 0.1331 1.21s/it mem/rank 73.9GB
step 11700 exposure 93600 rf 0.1375(20) aux 0.1383 1.21s/it mem/rank 73.9GB
step 11720 exposure 93760 rf 0.1180(20) aux 0.1277 1.20s/it mem/rank 73.9GB
step 11740 exposure 93920 rf 0.0840(20) aux 0.1234 1.20s/it mem/rank 73.9GB
step 11760 exposure 94080 rf 0.1192(20) aux 0.1369 1.20s/it mem/rank 73.9GB
step 11780 exposure 94240 rf 0.1047(20) aux 0.1262 1.20s/it mem/rank 73.9GB
step 11800 exposure 94400 rf 0.0967(20) aux 0.1232 1.22s/it mem/rank 73.9GB
step 11820 exposure 94560 rf 0.1060(20) aux 0.1229 1.20s/it mem/rank 73.9GB
step 11840 exposure 94720 rf 0.1235(20) aux 0.1177 1.20s/it mem/rank 73.9GB
step 11860 exposure 94880 rf 0.1023(20) aux 0.1418 1.20s/it mem/rank 73.9GB
VAL step 11875 val_loss 0.11130  (18초)
saved checkpoint at step 11875
step 11880 exposure 95040 rf 0.0954(20) aux 0.1240 1.27s/it mem/rank 73.9GB
step 11900 exposure 95200 rf 0.1221(20) aux 0.1151 1.22s/it mem/rank 73.9GB
step 11920 exposure 95360 rf 0.0972(20) aux 0.1334 1.21s/it mem/rank 73.9GB
step 11940 exposure 95520 rf 0.1472(20) aux 0.1294 1.20s/it mem/rank 73.9GB
step 11960 exposure 95680 rf 0.1337(20) aux 0.1330 1.20s/it mem/rank 73.9GB
step 11980 exposure 95840 rf 0.1130(20) aux 0.1314 1.20s/it mem/rank 73.9GB
step 12000 exposure 96000 rf 0.0871(20) aux 0.1219 1.20s/it mem/rank 73.9GB
step 12020 exposure 96160 rf 0.0818(20) aux 0.1374 1.21s/it mem/rank 73.9GB
step 12040 exposure 96320 rf 0.1076(20) aux 0.1248 1.21s/it mem/rank 73.9GB
step 12060 exposure 96480 rf 0.1037(20) aux 0.1536 1.20s/it mem/rank 73.9GB
step 12080 exposure 96640 rf 0.0914(20) aux 0.1480 1.20s/it mem/rank 73.9GB
step 12100 exposure 96800 rf 0.1153(20) aux 0.1240 1.20s/it mem/rank 73.9GB
step 12120 exposure 96960 rf 0.0889(20) aux 0.1177 1.19s/it mem/rank 73.9GB
step 12140 exposure 97120 rf 0.1249(20) aux 0.1170 1.20s/it mem/rank 73.9GB
step 12160 exposure 97280 rf 0.1063(20) aux 0.1386 1.20s/it mem/rank 73.9GB
step 12180 exposure 97440 rf 0.1281(20) aux 0.1294 1.20s/it mem/rank 73.9GB
step 12200 exposure 97600 rf 0.0936(20) aux 0.1313 1.20s/it mem/rank 73.9GB
step 12220 exposure 97760 rf 0.1211(20) aux 0.1309 1.20s/it mem/rank 73.9GB
step 12240 exposure 97920 rf 0.1087(20) aux 0.1402 1.20s/it mem/rank 73.9GB
step 12260 exposure 98080 rf 0.0991(20) aux 0.1494 1.20s/it mem/rank 73.9GB
step 12280 exposure 98240 rf 0.1015(20) aux 0.1240 1.20s/it mem/rank 73.9GB
step 12300 exposure 98400 rf 0.0973(20) aux 0.1271 1.20s/it mem/rank 73.9GB
step 12320 exposure 98560 rf 0.1129(20) aux 0.1414 1.20s/it mem/rank 73.9GB
step 12340 exposure 98720 rf 0.1372(20) aux 0.1235 1.20s/it mem/rank 73.9GB
step 12360 exposure 98880 rf 0.1474(20) aux 0.1207 1.20s/it mem/rank 73.9GB
step 12380 exposure 99040 rf 0.1003(20) aux 0.1394 1.20s/it mem/rank 73.9GB
step 12400 exposure 99200 rf 0.1009(20) aux 0.1367 1.20s/it mem/rank 73.9GB
step 12420 exposure 99360 rf 0.1035(20) aux 0.1548 1.20s/it mem/rank 73.9GB
step 12440 exposure 99520 rf 0.1260(20) aux 0.1131 1.20s/it mem/rank 73.9GB
step 12460 exposure 99680 rf 0.0875(20) aux 0.1402 1.20s/it mem/rank 73.9GB
step 12480 exposure 99840 rf 0.1351(20) aux 0.1203 1.20s/it mem/rank 73.9GB
step 12500 exposure 100000 rf 0.1079(20) aux 0.1240 1.20s/it mem/rank 73.9GB
VAL step 12500 val_loss 0.11166  (18초)
saved checkpoint at step 12500
step 12520 exposure 100160 rf 0.1195(20) aux 0.1266 2.00s/it mem/rank 73.9GB
step 12540 exposure 100320 rf 0.0931(20) aux 0.1315 1.21s/it mem/rank 73.9GB
step 12560 exposure 100480 rf 0.1026(20) aux 0.1305 1.20s/it mem/rank 73.9GB
step 12580 exposure 100640 rf 0.0993(20) aux 0.1316 1.20s/it mem/rank 73.9GB
step 12600 exposure 100800 rf 0.1069(20) aux 0.1323 1.20s/it mem/rank 73.9GB
step 12620 exposure 100960 rf 0.1046(20) aux 0.1289 1.20s/it mem/rank 73.9GB
step 12640 exposure 101120 rf 0.0929(20) aux 0.1205 1.20s/it mem/rank 73.9GB
step 12660 exposure 101280 rf 0.1167(20) aux 0.1399 1.20s/it mem/rank 73.9GB
step 12680 exposure 101440 rf 0.1197(20) aux 0.1249 1.20s/it mem/rank 73.9GB
step 12700 exposure 101600 rf 0.1365(20) aux 0.1151 1.20s/it mem/rank 73.9GB
step 12720 exposure 101760 rf 0.1013(20) aux 0.1210 1.20s/it mem/rank 73.9GB
step 12740 exposure 101920 rf 0.1051(20) aux 0.1244 1.20s/it mem/rank 73.9GB
step 12760 exposure 102080 rf 0.1143(20) aux 0.1190 1.20s/it mem/rank 73.9GB
step 12780 exposure 102240 rf 0.0952(20) aux 0.1307 1.21s/it mem/rank 73.9GB
step 12800 exposure 102400 rf 0.1431(20) aux 0.1353 1.22s/it mem/rank 73.9GB
step 12820 exposure 102560 rf 0.0894(20) aux 0.1321 1.20s/it mem/rank 73.9GB
step 12840 exposure 102720 rf 0.1168(20) aux 0.1201 1.20s/it mem/rank 73.9GB
step 12860 exposure 102880 rf 0.1325(20) aux 0.1242 1.20s/it mem/rank 73.9GB
step 12880 exposure 103040 rf 0.1064(20) aux 0.1188 1.20s/it mem/rank 73.9GB
step 12900 exposure 103200 rf 0.1372(20) aux 0.1217 1.20s/it mem/rank 73.9GB
step 12920 exposure 103360 rf 0.1074(20) aux 0.1264 1.22s/it mem/rank 73.9GB
step 12940 exposure 103520 rf 0.0828(20) aux 0.1375 1.21s/it mem/rank 73.9GB
step 12960 exposure 103680 rf 0.1147(20) aux 0.1475 1.20s/it mem/rank 73.9GB
step 12980 exposure 103840 rf 0.0957(20) aux 0.1293 1.20s/it mem/rank 73.9GB
step 13000 exposure 104000 rf 0.0972(20) aux 0.1385 1.20s/it mem/rank 73.9GB
step 13020 exposure 104160 rf 0.1327(20) aux 0.1161 1.20s/it mem/rank 73.9GB
step 13040 exposure 104320 rf 0.0974(20) aux 0.1356 1.20s/it mem/rank 73.9GB
step 13060 exposure 104480 rf 0.0936(20) aux 0.1636 1.21s/it mem/rank 73.9GB
step 13080 exposure 104640 rf 0.0903(20) aux 0.1315 1.22s/it mem/rank 73.9GB
step 13100 exposure 104800 rf 0.1072(20) aux 0.1247 1.20s/it mem/rank 73.9GB
step 13120 exposure 104960 rf 0.1340(20) aux 0.1305 1.20s/it mem/rank 73.9GB
VAL step 13125 val_loss 0.11059  (18초)
saved checkpoint at step 13125
step 13140 exposure 105120 rf 0.1056(20) aux 0.1088 1.51s/it mem/rank 73.9GB
step 13160 exposure 105280 rf 0.1217(20) aux 0.1238 1.20s/it mem/rank 73.9GB
step 13180 exposure 105440 rf 0.1078(20) aux 0.1132 1.20s/it mem/rank 73.9GB
step 13200 exposure 105600 rf 0.1134(20) aux 0.1338 1.20s/it mem/rank 73.9GB
step 13220 exposure 105760 rf 0.0936(20) aux 0.1524 1.20s/it mem/rank 73.9GB
step 13240 exposure 105920 rf 0.1206(20) aux 0.1148 1.20s/it mem/rank 73.9GB
step 13260 exposure 106080 rf 0.1342(20) aux 0.1342 1.20s/it mem/rank 73.9GB
step 13280 exposure 106240 rf 0.1008(20) aux 0.1218 1.20s/it mem/rank 73.9GB
step 13300 exposure 106400 rf 0.1112(20) aux 0.1195 1.20s/it mem/rank 73.9GB
step 13320 exposure 106560 rf 0.0684(20) aux 0.1188 1.20s/it mem/rank 73.9GB
step 13340 exposure 106720 rf 0.0939(20) aux 0.1197 1.20s/it mem/rank 73.9GB
step 13360 exposure 106880 rf 0.1197(20) aux 0.1296 1.20s/it mem/rank 73.9GB
step 13380 exposure 107040 rf 0.1169(20) aux 0.1186 1.20s/it mem/rank 73.9GB
step 13400 exposure 107200 rf 0.0789(20) aux 0.1188 1.20s/it mem/rank 73.9GB
step 13420 exposure 107360 rf 0.0967(20) aux 0.1163 1.21s/it mem/rank 73.9GB
step 13440 exposure 107520 rf 0.0879(20) aux 0.1345 1.20s/it mem/rank 73.9GB
step 13460 exposure 107680 rf 0.0867(20) aux 0.1326 1.20s/it mem/rank 73.9GB
step 13480 exposure 107840 rf 0.1094(20) aux 0.1268 1.20s/it mem/rank 73.9GB
step 13500 exposure 108000 rf 0.1064(20) aux 0.1191 1.20s/it mem/rank 73.9GB
step 13520 exposure 108160 rf 0.1002(20) aux 0.1467 1.20s/it mem/rank 73.9GB
step 13540 exposure 108320 rf 0.1013(20) aux 0.1339 1.19s/it mem/rank 73.9GB
step 13560 exposure 108480 rf 0.1144(20) aux 0.1190 1.20s/it mem/rank 73.9GB
step 13580 exposure 108640 rf 0.1028(20) aux 0.1484 1.20s/it mem/rank 73.9GB
step 13600 exposure 108800 rf 0.1084(20) aux 0.1155 1.20s/it mem/rank 73.9GB
step 13620 exposure 108960 rf 0.1144(20) aux 0.1342 1.20s/it mem/rank 73.9GB
step 13640 exposure 109120 rf 0.0903(20) aux 0.1062 1.21s/it mem/rank 73.9GB
step 13660 exposure 109280 rf 0.1310(20) aux 0.1428 1.21s/it mem/rank 73.9GB
step 13680 exposure 109440 rf 0.1308(20) aux 0.1210 1.20s/it mem/rank 73.9GB
step 13700 exposure 109600 rf 0.1467(20) aux 0.1272 1.20s/it mem/rank 73.9GB
step 13720 exposure 109760 rf 0.1302(20) aux 0.1276 1.20s/it mem/rank 73.9GB
step 13740 exposure 109920 rf 0.1136(20) aux 0.1289 1.20s/it mem/rank 73.9GB
VAL step 13750 val_loss 0.11122  (18초)
saved checkpoint at step 13750
step 13760 exposure 110080 rf 0.1128(20) aux 0.1397 1.34s/it mem/rank 73.9GB
step 13780 exposure 110240 rf 0.1309(20) aux 0.1161 1.20s/it mem/rank 73.9GB
step 13800 exposure 110400 rf 0.1360(20) aux 0.1232 1.20s/it mem/rank 73.9GB
step 13820 exposure 110560 rf 0.1076(20) aux 0.1353 1.20s/it mem/rank 73.9GB
step 13840 exposure 110720 rf 0.1183(20) aux 0.1321 1.22s/it mem/rank 73.9GB
step 13860 exposure 110880 rf 0.1230(20) aux 0.1220 1.21s/it mem/rank 73.9GB
step 13880 exposure 111040 rf 0.0987(20) aux 0.1384 1.20s/it mem/rank 73.9GB
step 13900 exposure 111200 rf 0.0962(20) aux 0.1120 1.20s/it mem/rank 73.9GB
step 13920 exposure 111360 rf 0.1288(20) aux 0.1162 1.20s/it mem/rank 73.9GB
step 13940 exposure 111520 rf 0.0922(20) aux 0.1295 1.20s/it mem/rank 73.9GB
step 13960 exposure 111680 rf 0.1395(20) aux 0.1303 1.20s/it mem/rank 73.9GB
step 13980 exposure 111840 rf 0.0769(20) aux 0.1150 1.20s/it mem/rank 73.9GB
step 14000 exposure 112000 rf 0.1182(20) aux 0.1238 1.22s/it mem/rank 73.9GB
step 14020 exposure 112160 rf 0.1297(20) aux 0.1343 1.20s/it mem/rank 73.9GB
step 14040 exposure 112320 rf 0.1052(20) aux 0.1430 1.20s/it mem/rank 73.9GB
step 14060 exposure 112480 rf 0.1052(20) aux 0.1155 1.20s/it mem/rank 73.9GB
step 14080 exposure 112640 rf 0.0975(20) aux 0.1332 1.19s/it mem/rank 73.9GB
step 14100 exposure 112800 rf 0.0941(20) aux 0.1142 1.20s/it mem/rank 73.9GB
step 14120 exposure 112960 rf 0.1059(20) aux 0.1322 1.20s/it mem/rank 73.9GB
step 14140 exposure 113120 rf 0.1119(20) aux 0.1372 1.20s/it mem/rank 73.9GB
step 14160 exposure 113280 rf 0.0842(20) aux 0.1282 1.20s/it mem/rank 73.9GB
step 14180 exposure 113440 rf 0.1038(20) aux 0.1153 1.19s/it mem/rank 73.9GB
step 14200 exposure 113600 rf 0.1096(20) aux 0.1268 1.19s/it mem/rank 73.9GB
step 14220 exposure 113760 rf 0.0779(20) aux 0.1139 1.19s/it mem/rank 73.9GB
step 14240 exposure 113920 rf 0.1195(20) aux 0.1199 1.19s/it mem/rank 73.9GB
step 14260 exposure 114080 rf 0.0916(20) aux 0.1274 1.21s/it mem/rank 73.9GB
step 14280 exposure 114240 rf 0.1030(20) aux 0.1305 1.20s/it mem/rank 73.9GB
step 14300 exposure 114400 rf 0.1141(20) aux 0.1178 1.19s/it mem/rank 73.9GB
step 14320 exposure 114560 rf 0.1156(20) aux 0.1210 1.19s/it mem/rank 73.9GB
step 14340 exposure 114720 rf 0.1206(20) aux 0.1413 1.19s/it mem/rank 73.9GB
step 14360 exposure 114880 rf 0.0888(20) aux 0.1328 1.19s/it mem/rank 73.9GB
VAL step 14375 val_loss 0.11012  (18초)
saved checkpoint at step 14375
step 14380 exposure 115040 rf 0.1046(20) aux 0.1310 1.10s/it mem/rank 73.9GB
step 14400 exposure 115200 rf 0.0987(20) aux 0.1235 1.22s/it mem/rank 73.9GB
step 14420 exposure 115360 rf 0.1130(20) aux 0.1277 1.20s/it mem/rank 73.9GB
step 14440 exposure 115520 rf 0.1416(20) aux 0.1273 1.19s/it mem/rank 73.9GB
step 14460 exposure 115680 rf 0.0902(20) aux 0.1227 1.19s/it mem/rank 73.9GB
step 14480 exposure 115840 rf 0.1188(20) aux 0.1179 1.21s/it mem/rank 73.9GB
step 14500 exposure 116000 rf 0.0894(20) aux 0.1066 1.20s/it mem/rank 73.9GB
step 14520 exposure 116160 rf 0.1273(20) aux 0.1327 1.20s/it mem/rank 73.9GB
step 14540 exposure 116320 rf 0.1409(20) aux 0.1305 1.20s/it mem/rank 73.9GB
step 14560 exposure 116480 rf 0.0987(20) aux 0.1298 1.19s/it mem/rank 73.9GB
step 14580 exposure 116640 rf 0.0863(20) aux 0.1211 1.19s/it mem/rank 73.9GB
step 14600 exposure 116800 rf 0.1134(20) aux 0.1280 1.19s/it mem/rank 73.9GB
step 14620 exposure 116960 rf 0.1441(20) aux 0.1311 1.19s/it mem/rank 73.9GB
step 14640 exposure 117120 rf 0.0975(20) aux 0.1124 1.21s/it mem/rank 73.9GB
step 14660 exposure 117280 rf 0.1330(20) aux 0.1254 1.20s/it mem/rank 73.9GB
step 14680 exposure 117440 rf 0.1231(20) aux 0.1299 1.19s/it mem/rank 73.9GB
step 14700 exposure 117600 rf 0.1164(20) aux 0.1192 1.19s/it mem/rank 73.9GB
step 14720 exposure 117760 rf 0.0985(20) aux 0.1255 1.19s/it mem/rank 73.9GB
step 14740 exposure 117920 rf 0.0897(20) aux 0.1152 1.19s/it mem/rank 73.9GB
step 14760 exposure 118080 rf 0.1347(20) aux 0.1186 1.19s/it mem/rank 73.9GB
step 14780 exposure 118240 rf 0.1139(20) aux 0.1325 1.21s/it mem/rank 73.9GB
step 14800 exposure 118400 rf 0.0989(20) aux 0.1294 1.22s/it mem/rank 73.9GB
step 14820 exposure 118560 rf 0.1265(20) aux 0.1230 1.19s/it mem/rank 73.9GB
step 14840 exposure 118720 rf 0.1139(20) aux 0.1229 1.20s/it mem/rank 73.9GB
step 14860 exposure 118880 rf 0.0785(20) aux 0.1080 1.20s/it mem/rank 73.9GB
step 14880 exposure 119040 rf 0.1094(20) aux 0.1404 1.21s/it mem/rank 73.9GB
step 14900 exposure 119200 rf 0.1336(20) aux 0.1244 1.22s/it mem/rank 73.9GB
step 14920 exposure 119360 rf 0.1024(20) aux 0.1191 1.19s/it mem/rank 73.9GB
step 14940 exposure 119520 rf 0.1057(20) aux 0.1240 1.19s/it mem/rank 73.9GB
step 14960 exposure 119680 rf 0.0912(20) aux 0.1488 1.19s/it mem/rank 73.9GB
step 14980 exposure 119840 rf 0.1151(20) aux 0.1172 1.19s/it mem/rank 73.9GB
step 15000 exposure 120000 rf 0.0933(20) aux 0.1199 1.19s/it mem/rank 73.9GB
VAL step 15000 val_loss 0.10914  (18초)
saved checkpoint at step 15000
step 15020 exposure 120160 rf 0.0941(20) aux 0.1158 1.99s/it mem/rank 73.9GB
step 15040 exposure 120320 rf 0.0865(20) aux 0.1181 1.19s/it mem/rank 73.9GB
step 15060 exposure 120480 rf 0.0955(20) aux 0.1318 1.21s/it mem/rank 73.9GB
step 15080 exposure 120640 rf 0.0922(20) aux 0.1145 1.20s/it mem/rank 73.9GB
step 15100 exposure 120800 rf 0.0835(20) aux 0.1337 1.19s/it mem/rank 73.9GB
step 15120 exposure 120960 rf 0.0956(20) aux 0.1405 1.19s/it mem/rank 73.9GB
step 15140 exposure 121120 rf 0.0888(20) aux 0.1124 1.21s/it mem/rank 73.9GB
step 15160 exposure 121280 rf 0.1191(20) aux 0.1488 1.20s/it mem/rank 73.9GB
step 15180 exposure 121440 rf 0.0900(20) aux 0.1237 1.21s/it mem/rank 73.9GB
step 15200 exposure 121600 rf 0.1096(20) aux 0.1218 1.20s/it mem/rank 73.9GB
step 15220 exposure 121760 rf 0.1146(20) aux 0.1212 1.20s/it mem/rank 73.9GB
step 15240 exposure 121920 rf 0.1139(20) aux 0.1245 1.22s/it mem/rank 73.9GB
step 15260 exposure 122080 rf 0.1089(20) aux 0.1242 1.23s/it mem/rank 73.9GB
step 15280 exposure 122240 rf 0.1172(20) aux 0.1432 1.20s/it mem/rank 73.9GB
step 15300 exposure 122400 rf 0.1067(20) aux 0.1215 1.20s/it mem/rank 73.9GB
step 15320 exposure 122560 rf 0.0827(20) aux 0.1243 1.19s/it mem/rank 73.9GB
step 15340 exposure 122720 rf 0.0935(20) aux 0.1450 1.19s/it mem/rank 73.9GB
step 15360 exposure 122880 rf 0.0898(20) aux 0.1222 1.20s/it mem/rank 73.9GB
step 15380 exposure 123040 rf 0.1064(20) aux 0.1290 1.19s/it mem/rank 73.9GB
step 15400 exposure 123200 rf 0.1117(20) aux 0.1253 1.19s/it mem/rank 73.9GB
step 15420 exposure 123360 rf 0.0799(20) aux 0.1299 1.20s/it mem/rank 73.9GB
step 15440 exposure 123520 rf 0.1450(20) aux 0.1366 1.21s/it mem/rank 73.9GB
step 15460 exposure 123680 rf 0.1238(20) aux 0.1517 1.21s/it mem/rank 73.9GB
step 15480 exposure 123840 rf 0.1055(20) aux 0.1691 1.19s/it mem/rank 73.9GB
step 15500 exposure 124000 rf 0.1007(20) aux 0.1265 1.19s/it mem/rank 73.9GB
step 15520 exposure 124160 rf 0.0698(20) aux 0.1350 1.19s/it mem/rank 73.9GB
step 15540 exposure 124320 rf 0.1563(20) aux 0.1365 1.20s/it mem/rank 73.9GB
step 15560 exposure 124480 rf 0.1017(20) aux 0.1442 1.20s/it mem/rank 73.9GB
step 15580 exposure 124640 rf 0.1112(20) aux 0.1305 1.19s/it mem/rank 73.9GB
step 15600 exposure 124800 rf 0.1044(20) aux 0.1313 1.19s/it mem/rank 73.9GB
step 15620 exposure 124960 rf 0.1000(20) aux 0.1348 1.19s/it mem/rank 73.9GB
VAL step 15625 val_loss 0.10964  (18초)
saved checkpoint at step 15625
step 15640 exposure 125120 rf 0.1174(20) aux 0.1180 1.87s/it mem/rank 73.9GB
step 15660 exposure 125280 rf 0.1111(20) aux 0.1248 1.19s/it mem/rank 73.9GB
step 15680 exposure 125440 rf 0.1281(20) aux 0.1307 1.21s/it mem/rank 73.9GB
step 15700 exposure 125600 rf 0.1159(20) aux 0.1171 1.20s/it mem/rank 73.9GB
step 15720 exposure 125760 rf 0.1175(20) aux 0.1294 1.19s/it mem/rank 73.9GB
step 15740 exposure 125920 rf 0.0879(20) aux 0.1323 1.19s/it mem/rank 73.9GB
step 15760 exposure 126080 rf 0.0844(20) aux 0.1609 1.19s/it mem/rank 73.9GB
step 15780 exposure 126240 rf 0.1022(20) aux 0.1179 1.19s/it mem/rank 73.9GB
step 15800 exposure 126400 rf 0.1162(20) aux 0.1457 1.19s/it mem/rank 73.9GB
step 15820 exposure 126560 rf 0.0843(20) aux 0.1379 1.19s/it mem/rank 73.9GB
step 15840 exposure 126720 rf 0.1058(20) aux 0.1157 1.19s/it mem/rank 73.9GB
step 15860 exposure 126880 rf 0.0958(20) aux 0.1138 1.19s/it mem/rank 73.9GB
step 15880 exposure 127040 rf 0.1039(20) aux 0.1241 1.21s/it mem/rank 73.9GB
step 15900 exposure 127200 rf 0.1476(20) aux 0.1363 1.19s/it mem/rank 73.9GB
step 15920 exposure 127360 rf 0.1363(20) aux 0.1296 1.19s/it mem/rank 73.9GB
step 15940 exposure 127520 rf 0.1274(20) aux 0.1183 1.19s/it mem/rank 73.9GB
step 15960 exposure 127680 rf 0.1091(20) aux 0.1268 1.21s/it mem/rank 73.9GB
step 15980 exposure 127840 rf 0.1165(20) aux 0.1457 1.20s/it mem/rank 73.9GB
step 16000 exposure 128000 rf 0.1287(20) aux 0.1278 1.19s/it mem/rank 73.9GB
step 16020 exposure 128160 rf 0.1458(20) aux 0.1169 1.19s/it mem/rank 73.9GB
step 16040 exposure 128320 rf 0.1086(20) aux 0.1231 1.19s/it mem/rank 73.9GB
step 16060 exposure 128480 rf 0.0816(20) aux 0.1320 1.19s/it mem/rank 73.9GB
step 16080 exposure 128640 rf 0.0838(20) aux 0.1060 1.19s/it mem/rank 73.9GB
step 16100 exposure 128800 rf 0.1270(20) aux 0.1204 1.19s/it mem/rank 73.9GB
step 16120 exposure 128960 rf 0.1084(20) aux 0.1199 1.19s/it mem/rank 73.9GB
step 16140 exposure 129120 rf 0.0923(20) aux 0.1148 1.19s/it mem/rank 73.9GB
step 16160 exposure 129280 rf 0.1222(20) aux 0.1246 1.19s/it mem/rank 73.9GB
step 16180 exposure 129440 rf 0.0939(20) aux 0.1208 1.19s/it mem/rank 73.9GB
step 16200 exposure 129600 rf 0.1043(20) aux 0.1152 1.20s/it mem/rank 73.9GB
step 16220 exposure 129760 rf 0.1358(20) aux 0.1151 1.20s/it mem/rank 73.9GB
step 16240 exposure 129920 rf 0.0895(20) aux 0.1108 1.20s/it mem/rank 73.9GB
VAL step 16250 val_loss 0.11159  (21초)
saved checkpoint at step 16250
step 16260 exposure 130080 rf 0.1013(20) aux 0.1371 1.56s/it mem/rank 73.9GB
step 16280 exposure 130240 rf 0.1120(20) aux 0.1212 1.19s/it mem/rank 73.9GB
step 16300 exposure 130400 rf 0.1075(20) aux 0.1274 1.19s/it mem/rank 73.9GB
step 16320 exposure 130560 rf 0.1056(20) aux 0.1374 1.19s/it mem/rank 73.9GB
step 16340 exposure 130720 rf 0.0886(20) aux 0.1250 1.19s/it mem/rank 73.9GB
step 16360 exposure 130880 rf 0.1193(20) aux 0.1342 1.19s/it mem/rank 73.9GB
step 16380 exposure 131040 rf 0.1036(20) aux 0.1285 1.19s/it mem/rank 73.9GB
step 16400 exposure 131200 rf 0.1037(20) aux 0.1396 1.19s/it mem/rank 73.9GB
step 16420 exposure 131360 rf 0.1064(20) aux 0.1310 1.19s/it mem/rank 73.9GB
step 16440 exposure 131520 rf 0.1193(20) aux 0.1520 1.19s/it mem/rank 73.9GB
step 16460 exposure 131680 rf 0.1072(20) aux 0.1308 1.19s/it mem/rank 73.9GB
step 16480 exposure 131840 rf 0.1028(20) aux 0.1334 1.19s/it mem/rank 73.9GB
step 16500 exposure 132000 rf 0.1427(20) aux 0.1541 1.19s/it mem/rank 73.9GB
step 16520 exposure 132160 rf 0.0806(20) aux 0.1364 1.20s/it mem/rank 73.9GB
step 16540 exposure 132320 rf 0.1149(20) aux 0.1304 1.20s/it mem/rank 73.9GB
step 16560 exposure 132480 rf 0.1116(20) aux 0.1236 1.19s/it mem/rank 73.9GB
step 16580 exposure 132640 rf 0.1096(20) aux 0.1200 1.19s/it mem/rank 73.9GB
step 16600 exposure 132800 rf 0.1032(20) aux 0.1307 1.19s/it mem/rank 73.9GB
step 16620 exposure 132960 rf 0.1223(20) aux 0.1241 1.19s/it mem/rank 73.9GB
step 16640 exposure 133120 rf 0.0892(20) aux 0.1356 1.19s/it mem/rank 73.9GB
step 16660 exposure 133280 rf 0.1146(20) aux 0.1190 1.19s/it mem/rank 73.9GB
step 16680 exposure 133440 rf 0.1064(20) aux 0.1359 1.19s/it mem/rank 73.9GB
step 16700 exposure 133600 rf 0.0914(20) aux 0.1231 1.19s/it mem/rank 73.9GB
step 16720 exposure 133760 rf 0.0983(20) aux 0.1270 1.19s/it mem/rank 73.9GB
step 16740 exposure 133920 rf 0.1074(20) aux 0.1289 1.19s/it mem/rank 73.9GB
step 16760 exposure 134080 rf 0.1479(20) aux 0.1284 1.19s/it mem/rank 73.9GB
step 16780 exposure 134240 rf 0.1329(20) aux 0.1364 1.20s/it mem/rank 73.9GB
step 16800 exposure 134400 rf 0.0822(20) aux 0.1482 1.19s/it mem/rank 73.9GB
step 16820 exposure 134560 rf 0.1050(20) aux 0.1193 1.20s/it mem/rank 73.9GB
step 16840 exposure 134720 rf 0.1002(20) aux 0.1419 1.19s/it mem/rank 73.9GB
step 16860 exposure 134880 rf 0.1081(20) aux 0.1117 1.20s/it mem/rank 73.9GB
VAL step 16875 val_loss 0.10783  (18초)
saved checkpoint at step 16875
step 16880 exposure 135040 rf 0.1023(20) aux 0.1371 1.10s/it mem/rank 73.9GB
step 16900 exposure 135200 rf 0.0977(20) aux 0.1367 1.20s/it mem/rank 73.9GB
step 16920 exposure 135360 rf 0.1164(20) aux 0.1459 1.19s/it mem/rank 73.9GB
step 16940 exposure 135520 rf 0.1009(20) aux 0.1125 1.20s/it mem/rank 73.9GB
step 16960 exposure 135680 rf 0.1036(20) aux 0.1246 1.19s/it mem/rank 73.9GB
step 16980 exposure 135840 rf 0.1046(20) aux 0.1419 1.19s/it mem/rank 73.9GB
step 17000 exposure 136000 rf 0.1017(20) aux 0.1296 1.19s/it mem/rank 73.9GB
step 17020 exposure 136160 rf 0.1253(20) aux 0.1281 1.21s/it mem/rank 73.9GB
step 17040 exposure 136320 rf 0.0999(20) aux 0.1321 1.19s/it mem/rank 73.9GB
step 17060 exposure 136480 rf 0.0920(20) aux 0.1172 1.19s/it mem/rank 73.9GB
step 17080 exposure 136640 rf 0.1029(20) aux 0.1152 1.20s/it mem/rank 73.9GB
step 17100 exposure 136800 rf 0.1126(20) aux 0.1316 1.19s/it mem/rank 73.9GB
step 17120 exposure 136960 rf 0.0822(20) aux 0.1094 1.19s/it mem/rank 73.9GB
step 17140 exposure 137120 rf 0.1211(20) aux 0.1133 1.19s/it mem/rank 73.9GB
step 17160 exposure 137280 rf 0.1315(20) aux 0.1208 1.20s/it mem/rank 73.9GB
step 17180 exposure 137440 rf 0.1230(20) aux 0.1254 1.21s/it mem/rank 73.9GB
step 17200 exposure 137600 rf 0.1159(20) aux 0.1346 1.19s/it mem/rank 73.9GB
step 17220 exposure 137760 rf 0.0789(20) aux 0.1061 1.19s/it mem/rank 73.9GB
step 17240 exposure 137920 rf 0.0991(20) aux 0.1254 1.19s/it mem/rank 73.9GB
step 17260 exposure 138080 rf 0.0873(20) aux 0.1329 1.19s/it mem/rank 73.9GB
step 17280 exposure 138240 rf 0.1080(20) aux 0.1240 1.19s/it mem/rank 73.9GB
step 17300 exposure 138400 rf 0.0760(20) aux 0.1310 1.19s/it mem/rank 73.9GB
step 17320 exposure 138560 rf 0.1047(20) aux 0.1220 1.19s/it mem/rank 73.9GB
step 17340 exposure 138720 rf 0.1019(20) aux 0.1317 1.19s/it mem/rank 73.9GB
step 17360 exposure 138880 rf 0.1001(20) aux 0.1320 1.19s/it mem/rank 73.9GB
step 17380 exposure 139040 rf 0.1105(20) aux 0.1475 1.19s/it mem/rank 73.9GB
step 17400 exposure 139200 rf 0.0921(20) aux 0.1342 1.19s/it mem/rank 73.9GB
step 17420 exposure 139360 rf 0.1172(20) aux 0.1342 1.20s/it mem/rank 73.9GB
step 17440 exposure 139520 rf 0.1004(20) aux 0.1346 1.21s/it mem/rank 73.9GB
step 17460 exposure 139680 rf 0.0988(20) aux 0.1274 1.21s/it mem/rank 73.9GB
step 17480 exposure 139840 rf 0.1026(20) aux 0.1258 1.19s/it mem/rank 73.9GB
step 17500 exposure 140000 rf 0.1197(20) aux 0.1317 1.19s/it mem/rank 73.9GB
VAL step 17500 val_loss 0.10741  (18초)
saved checkpoint at step 17500
step 17520 exposure 140160 rf 0.1279(20) aux 0.1278 2.14s/it mem/rank 73.9GB
step 17540 exposure 140320 rf 0.1001(20) aux 0.1219 1.20s/it mem/rank 73.9GB
step 17560 exposure 140480 rf 0.1008(20) aux 0.1521 1.21s/it mem/rank 73.9GB
step 17580 exposure 140640 rf 0.1127(20) aux 0.1238 1.19s/it mem/rank 73.9GB
step 17600 exposure 140800 rf 0.1255(20) aux 0.1339 1.21s/it mem/rank 73.9GB
step 17620 exposure 140960 rf 0.1434(20) aux 0.1174 1.20s/it mem/rank 73.9GB
step 17640 exposure 141120 rf 0.1279(20) aux 0.1325 1.19s/it mem/rank 73.9GB
step 17660 exposure 141280 rf 0.0929(20) aux 0.1286 1.19s/it mem/rank 73.9GB
step 17680 exposure 141440 rf 0.0982(20) aux 0.1182 1.19s/it mem/rank 73.9GB
step 17700 exposure 141600 rf 0.1232(20) aux 0.1250 1.19s/it mem/rank 73.9GB
step 17720 exposure 141760 rf 0.0949(20) aux 0.1277 1.19s/it mem/rank 73.9GB
step 17740 exposure 141920 rf 0.0798(20) aux 0.1549 1.20s/it mem/rank 73.9GB
step 17760 exposure 142080 rf 0.0905(20) aux 0.1211 1.21s/it mem/rank 73.9GB
step 17780 exposure 142240 rf 0.0939(20) aux 0.1210 1.19s/it mem/rank 73.9GB
step 17800 exposure 142400 rf 0.1300(20) aux 0.1314 1.21s/it mem/rank 73.9GB
step 17820 exposure 142560 rf 0.1132(20) aux 0.1158 1.19s/it mem/rank 73.9GB
step 17840 exposure 142720 rf 0.1067(20) aux 0.1409 1.19s/it mem/rank 73.9GB
step 17860 exposure 142880 rf 0.0893(20) aux 0.1232 1.21s/it mem/rank 73.9GB
step 17880 exposure 143040 rf 0.0868(20) aux 0.1237 1.19s/it mem/rank 73.9GB
step 17900 exposure 143200 rf 0.1004(20) aux 0.1317 1.19s/it mem/rank 73.9GB
step 17920 exposure 143360 rf 0.1379(20) aux 0.1351 1.19s/it mem/rank 73.9GB
step 17940 exposure 143520 rf 0.1062(20) aux 0.1305 1.19s/it mem/rank 73.9GB
step 17960 exposure 143680 rf 0.1059(20) aux 0.1117 1.19s/it mem/rank 73.9GB
step 17980 exposure 143840 rf 0.1324(20) aux 0.1255 1.19s/it mem/rank 73.9GB
step 18000 exposure 144000 rf 0.0826(20) aux 0.1502 1.19s/it mem/rank 73.9GB
step 18020 exposure 144160 rf 0.1283(20) aux 0.1189 1.19s/it mem/rank 73.9GB
step 18040 exposure 144320 rf 0.0999(20) aux 0.1136 1.19s/it mem/rank 73.9GB
step 18060 exposure 144480 rf 0.0875(20) aux 0.1481 1.19s/it mem/rank 73.9GB
step 18080 exposure 144640 rf 0.1104(20) aux 0.1166 1.19s/it mem/rank 73.9GB
step 18100 exposure 144800 rf 0.0931(20) aux 0.1268 1.20s/it mem/rank 73.9GB
step 18120 exposure 144960 rf 0.0990(20) aux 0.1167 1.19s/it mem/rank 73.9GB
VAL step 18125 val_loss 0.10718  (18초)
saved checkpoint at step 18125
step 18140 exposure 145120 rf 0.0968(20) aux 0.1372 1.95s/it mem/rank 73.9GB
step 18160 exposure 145280 rf 0.1176(20) aux 0.1333 1.20s/it mem/rank 73.9GB
step 18180 exposure 145440 rf 0.1229(20) aux 0.1252 1.19s/it mem/rank 73.9GB
step 18200 exposure 145600 rf 0.1114(20) aux 0.1341 1.19s/it mem/rank 73.9GB
step 18220 exposure 145760 rf 0.1088(20) aux 0.1345 1.19s/it mem/rank 73.9GB
step 18240 exposure 145920 rf 0.0934(20) aux 0.1412 1.19s/it mem/rank 73.9GB
step 18260 exposure 146080 rf 0.0942(20) aux 0.1400 1.19s/it mem/rank 73.9GB
step 18280 exposure 146240 rf 0.0931(20) aux 0.1246 1.19s/it mem/rank 73.9GB
step 18300 exposure 146400 rf 0.1040(20) aux 0.1266 1.19s/it mem/rank 73.9GB
step 18320 exposure 146560 rf 0.1099(20) aux 0.1136 1.19s/it mem/rank 73.9GB
step 18340 exposure 146720 rf 0.1012(20) aux 0.1367 1.19s/it mem/rank 73.9GB
step 18360 exposure 146880 rf 0.1150(20) aux 0.1153 1.19s/it mem/rank 73.9GB
step 18380 exposure 147040 rf 0.1262(20) aux 0.1189 1.21s/it mem/rank 73.9GB
step 18400 exposure 147200 rf 0.1358(20) aux 0.1323 1.19s/it mem/rank 73.9GB
step 18420 exposure 147360 rf 0.0940(20) aux 0.1184 1.19s/it mem/rank 73.9GB
step 18440 exposure 147520 rf 0.0869(20) aux 0.1588 1.19s/it mem/rank 73.9GB
step 18460 exposure 147680 rf 0.1183(20) aux 0.1251 1.19s/it mem/rank 73.9GB
step 18480 exposure 147840 rf 0.1066(20) aux 0.1143 1.21s/it mem/rank 73.9GB
step 18500 exposure 148000 rf 0.0958(20) aux 0.1159 1.19s/it mem/rank 73.9GB
step 18520 exposure 148160 rf 0.1311(20) aux 0.1262 1.19s/it mem/rank 73.9GB
step 18540 exposure 148320 rf 0.0863(20) aux 0.1219 1.19s/it mem/rank 73.9GB
step 18560 exposure 148480 rf 0.1534(20) aux 0.1283 1.20s/it mem/rank 73.9GB
step 18580 exposure 148640 rf 0.1244(20) aux 0.1335 1.20s/it mem/rank 73.9GB
step 18600 exposure 148800 rf 0.1275(20) aux 0.1337 1.20s/it mem/rank 73.9GB
step 18620 exposure 148960 rf 0.1230(20) aux 0.1387 1.20s/it mem/rank 73.9GB
step 18640 exposure 149120 rf 0.0825(20) aux 0.1212 1.20s/it mem/rank 73.9GB
step 18660 exposure 149280 rf 0.1226(20) aux 0.1283 1.19s/it mem/rank 73.9GB
step 18680 exposure 149440 rf 0.1118(20) aux 0.1430 1.19s/it mem/rank 73.9GB
step 18700 exposure 149600 rf 0.1029(20) aux 0.1176 1.19s/it mem/rank 73.9GB
step 18720 exposure 149760 rf 0.1167(20) aux 0.1429 1.19s/it mem/rank 73.9GB
step 18740 exposure 149920 rf 0.1083(20) aux 0.1250 1.19s/it mem/rank 73.9GB
VAL step 18750 val_loss 0.10745  (19초)
saved checkpoint at step 18750
step 18760 exposure 150080 rf 0.1039(20) aux 0.1200 1.72s/it mem/rank 73.9GB
step 18780 exposure 150240 rf 0.0869(20) aux 0.1527 1.19s/it mem/rank 73.9GB
step 18800 exposure 150400 rf 0.0985(20) aux 0.1319 1.19s/it mem/rank 73.9GB
step 18820 exposure 150560 rf 0.1212(20) aux 0.1254 1.19s/it mem/rank 73.9GB
step 18840 exposure 150720 rf 0.1240(20) aux 0.1433 1.19s/it mem/rank 73.9GB
step 18860 exposure 150880 rf 0.1024(20) aux 0.1112 1.19s/it mem/rank 73.9GB
step 18880 exposure 151040 rf 0.1123(20) aux 0.1313 1.19s/it mem/rank 73.9GB
step 18900 exposure 151200 rf 0.1482(20) aux 0.1294 1.19s/it mem/rank 73.9GB
step 18920 exposure 151360 rf 0.1248(20) aux 0.1306 1.19s/it mem/rank 73.9GB
step 18940 exposure 151520 rf 0.1028(20) aux 0.1460 1.19s/it mem/rank 73.9GB
step 18960 exposure 151680 rf 0.0961(20) aux 0.1104 1.19s/it mem/rank 73.9GB
step 18980 exposure 151840 rf 0.0801(20) aux 0.1227 1.19s/it mem/rank 73.9GB
step 19000 exposure 152000 rf 0.0898(20) aux 0.1363 1.19s/it mem/rank 73.9GB
step 19020 exposure 152160 rf 0.0933(20) aux 0.1284 1.19s/it mem/rank 73.9GB
step 19040 exposure 152320 rf 0.1126(20) aux 0.1364 1.19s/it mem/rank 73.9GB
step 19060 exposure 152480 rf 0.0992(20) aux 0.1300 1.19s/it mem/rank 73.9GB
step 19080 exposure 152640 rf 0.1189(20) aux 0.1312 1.19s/it mem/rank 73.9GB
step 19100 exposure 152800 rf 0.0924(20) aux 0.1443 1.19s/it mem/rank 73.9GB
step 19120 exposure 152960 rf 0.0929(20) aux 0.1264 1.19s/it mem/rank 73.9GB
step 19140 exposure 153120 rf 0.1038(20) aux 0.1222 1.22s/it mem/rank 73.9GB
step 19160 exposure 153280 rf 0.1124(20) aux 0.1418 1.24s/it mem/rank 73.9GB
step 19180 exposure 153440 rf 0.0931(20) aux 0.1282 1.19s/it mem/rank 73.9GB
step 19200 exposure 153600 rf 0.0977(20) aux 0.1309 1.19s/it mem/rank 73.9GB
step 19220 exposure 153760 rf 0.0881(20) aux 0.1281 1.19s/it mem/rank 73.9GB
step 19240 exposure 153920 rf 0.0950(20) aux 0.1184 1.19s/it mem/rank 73.9GB
step 19260 exposure 154080 rf 0.0965(20) aux 0.1469 1.22s/it mem/rank 73.9GB
step 19280 exposure 154240 rf 0.0843(20) aux 0.1364 1.20s/it mem/rank 73.9GB
step 19300 exposure 154400 rf 0.1218(20) aux 0.1291 1.19s/it mem/rank 73.9GB
step 19320 exposure 154560 rf 0.0813(20) aux 0.1376 1.19s/it mem/rank 73.9GB
step 19340 exposure 154720 rf 0.0993(20) aux 0.1141 1.19s/it mem/rank 73.9GB
step 19360 exposure 154880 rf 0.1144(20) aux 0.1118 1.19s/it mem/rank 73.9GB
VAL step 19375 val_loss 0.10642  (18초)
saved checkpoint at step 19375
step 19380 exposure 155040 rf 0.1262(20) aux 0.1275 2.05s/it mem/rank 73.9GB
step 19400 exposure 155200 rf 0.1126(20) aux 0.1240 1.23s/it mem/rank 73.9GB
step 19420 exposure 155360 rf 0.0827(20) aux 0.1525 1.19s/it mem/rank 73.9GB
step 19440 exposure 155520 rf 0.1222(20) aux 0.1230 1.19s/it mem/rank 73.9GB
step 19460 exposure 155680 rf 0.0919(20) aux 0.1502 1.19s/it mem/rank 73.9GB
step 19480 exposure 155840 rf 0.1525(20) aux 0.1144 1.21s/it mem/rank 73.9GB
step 19500 exposure 156000 rf 0.1370(20) aux 0.1329 1.20s/it mem/rank 73.9GB
step 19520 exposure 156160 rf 0.0897(20) aux 0.1202 1.19s/it mem/rank 73.9GB
step 19540 exposure 156320 rf 0.1051(20) aux 0.1318 1.20s/it mem/rank 73.9GB
step 19560 exposure 156480 rf 0.1122(20) aux 0.1345 1.19s/it mem/rank 73.9GB
step 19580 exposure 156640 rf 0.1168(20) aux 0.1402 1.19s/it mem/rank 73.9GB
step 19600 exposure 156800 rf 0.0664(20) aux 0.0855 1.19s/it mem/rank 73.9GB
step 19620 exposure 156960 rf 0.1353(20) aux 0.1330 1.19s/it mem/rank 73.9GB
step 19640 exposure 157120 rf 0.0900(20) aux 0.1309 1.19s/it mem/rank 73.9GB
step 19660 exposure 157280 rf 0.0968(20) aux 0.1142 1.19s/it mem/rank 73.9GB
step 19680 exposure 157440 rf 0.1214(20) aux 0.1218 1.22s/it mem/rank 73.9GB
step 19700 exposure 157600 rf 0.1145(20) aux 0.1349 1.22s/it mem/rank 73.9GB
step 19720 exposure 157760 rf 0.0980(20) aux 0.1262 1.21s/it mem/rank 73.9GB
step 19740 exposure 157920 rf 0.1118(20) aux 0.1337 1.20s/it mem/rank 73.9GB
step 19760 exposure 158080 rf 0.0797(20) aux 0.1216 1.19s/it mem/rank 73.9GB
step 19780 exposure 158240 rf 0.1074(20) aux 0.1246 1.24s/it mem/rank 73.9GB
step 19800 exposure 158400 rf 0.1257(20) aux 0.1258 1.24s/it mem/rank 73.9GB
step 19820 exposure 158560 rf 0.0720(20) aux 0.1085 1.22s/it mem/rank 73.9GB
step 19840 exposure 158720 rf 0.0704(20) aux 0.1318 1.24s/it mem/rank 73.9GB
step 19860 exposure 158880 rf 0.0867(20) aux 0.1340 1.19s/it mem/rank 73.9GB
step 19880 exposure 159040 rf 0.0805(20) aux 0.1167 1.19s/it mem/rank 73.9GB
step 19900 exposure 159200 rf 0.1135(20) aux 0.1178 1.19s/it mem/rank 73.9GB
step 19920 exposure 159360 rf 0.0901(20) aux 0.1354 1.19s/it mem/rank 73.9GB
step 19940 exposure 159520 rf 0.1127(20) aux 0.1239 1.19s/it mem/rank 73.9GB
step 19960 exposure 159680 rf 0.0853(20) aux 0.1494 1.19s/it mem/rank 73.9GB
step 19980 exposure 159840 rf 0.0903(20) aux 0.1290 1.20s/it mem/rank 73.9GB
step 20000 exposure 160000 rf 0.1060(20) aux 0.1244 1.22s/it mem/rank 73.9GB
VAL step 20000 val_loss 0.10599  (18초)
saved checkpoint at step 20000
step 20020 exposure 160160 rf 0.1198(20) aux 0.1365 2.40s/it mem/rank 73.9GB
step 20040 exposure 160320 rf 0.1061(20) aux 0.1381 1.20s/it mem/rank 73.9GB
step 20060 exposure 160480 rf 0.0983(20) aux 0.1296 1.19s/it mem/rank 73.9GB
step 20080 exposure 160640 rf 0.1338(20) aux 0.1207 1.19s/it mem/rank 73.9GB
step 20100 exposure 160800 rf 0.1009(20) aux 0.1225 1.19s/it mem/rank 73.9GB
step 20120 exposure 160960 rf 0.1279(20) aux 0.1280 1.19s/it mem/rank 73.9GB
step 20140 exposure 161120 rf 0.0942(20) aux 0.1129 1.20s/it mem/rank 73.9GB
step 20160 exposure 161280 rf 0.1260(20) aux 0.1254 1.22s/it mem/rank 73.9GB
step 20180 exposure 161440 rf 0.1670(20) aux 0.1330 1.20s/it mem/rank 73.9GB
step 20200 exposure 161600 rf 0.0805(20) aux 0.1376 1.19s/it mem/rank 73.9GB
step 20220 exposure 161760 rf 0.1122(20) aux 0.1440 1.19s/it mem/rank 73.9GB
step 20240 exposure 161920 rf 0.0942(20) aux 0.1336 1.19s/it mem/rank 73.9GB
step 20260 exposure 162080 rf 0.1003(20) aux 0.1328 1.19s/it mem/rank 73.9GB
step 20280 exposure 162240 rf 0.0915(20) aux 0.1204 1.19s/it mem/rank 73.9GB
step 20300 exposure 162400 rf 0.1168(20) aux 0.1304 1.19s/it mem/rank 73.9GB
step 20320 exposure 162560 rf 0.0803(20) aux 0.1267 1.19s/it mem/rank 73.9GB
step 20340 exposure 162720 rf 0.0991(20) aux 0.1358 1.19s/it mem/rank 73.9GB
step 20360 exposure 162880 rf 0.0931(20) aux 0.1282 1.19s/it mem/rank 73.9GB
step 20380 exposure 163040 rf 0.0947(20) aux 0.1042 1.19s/it mem/rank 73.9GB
step 20400 exposure 163200 rf 0.1239(20) aux 0.1440 1.19s/it mem/rank 73.9GB
step 20420 exposure 163360 rf 0.0904(20) aux 0.1085 1.19s/it mem/rank 73.9GB
step 20440 exposure 163520 rf 0.1066(20) aux 0.1266 1.19s/it mem/rank 73.9GB
step 20460 exposure 163680 rf 0.0820(20) aux 0.1422 1.19s/it mem/rank 73.9GB
step 20480 exposure 163840 rf 0.1164(20) aux 0.1379 1.19s/it mem/rank 73.9GB
step 20500 exposure 164000 rf 0.0755(20) aux 0.1062 1.19s/it mem/rank 73.9GB
step 20520 exposure 164160 rf 0.1091(20) aux 0.1117 1.19s/it mem/rank 73.9GB
step 20540 exposure 164320 rf 0.1204(20) aux 0.1191 1.19s/it mem/rank 73.9GB
step 20560 exposure 164480 rf 0.1083(20) aux 0.1392 1.19s/it mem/rank 73.9GB
step 20580 exposure 164640 rf 0.0844(20) aux 0.1379 1.19s/it mem/rank 73.9GB
step 20600 exposure 164800 rf 0.1107(20) aux 0.1369 1.19s/it mem/rank 73.9GB
step 20620 exposure 164960 rf 0.1029(20) aux 0.1355 1.19s/it mem/rank 73.9GB
VAL step 20625 val_loss 0.10557  (18초)
saved checkpoint at step 20625
step 20640 exposure 165120 rf 0.0882(20) aux 0.1105 1.87s/it mem/rank 73.9GB
step 20660 exposure 165280 rf 0.0831(20) aux 0.1335 1.22s/it mem/rank 73.9GB
step 20680 exposure 165440 rf 0.0817(20) aux 0.1038 1.21s/it mem/rank 73.9GB
step 20700 exposure 165600 rf 0.1134(20) aux 0.1313 1.23s/it mem/rank 73.9GB
step 20720 exposure 165760 rf 0.1346(20) aux 0.1180 1.22s/it mem/rank 73.9GB
step 20740 exposure 165920 rf 0.1046(20) aux 0.1118 1.19s/it mem/rank 73.9GB
step 20760 exposure 166080 rf 0.1077(20) aux 0.1266 1.19s/it mem/rank 73.9GB
step 20780 exposure 166240 rf 0.0758(20) aux 0.1144 1.19s/it mem/rank 73.9GB
step 20800 exposure 166400 rf 0.0987(20) aux 0.1253 1.19s/it mem/rank 73.9GB
step 20820 exposure 166560 rf 0.1010(20) aux 0.1197 1.19s/it mem/rank 73.9GB
step 20840 exposure 166720 rf 0.1011(20) aux 0.1300 1.19s/it mem/rank 73.9GB
step 20860 exposure 166880 rf 0.1118(20) aux 0.1236 1.19s/it mem/rank 73.9GB
step 20880 exposure 167040 rf 0.1128(20) aux 0.1219 1.19s/it mem/rank 73.9GB
step 20900 exposure 167200 rf 0.0894(20) aux 0.1185 1.19s/it mem/rank 73.9GB
step 20920 exposure 167360 rf 0.0997(20) aux 0.1417 1.19s/it mem/rank 73.9GB
step 20940 exposure 167520 rf 0.0915(20) aux 0.1331 1.19s/it mem/rank 73.9GB
step 20960 exposure 167680 rf 0.1048(20) aux 0.1207 1.19s/it mem/rank 73.9GB
step 20980 exposure 167840 rf 0.0879(20) aux 0.1284 1.19s/it mem/rank 73.9GB
step 21000 exposure 168000 rf 0.1227(20) aux 0.1341 1.20s/it mem/rank 73.9GB
step 21020 exposure 168160 rf 0.1015(20) aux 0.1224 1.19s/it mem/rank 73.9GB
step 21040 exposure 168320 rf 0.1003(20) aux 0.1299 1.19s/it mem/rank 73.9GB
step 21060 exposure 168480 rf 0.1144(20) aux 0.1329 1.23s/it mem/rank 73.9GB
step 21080 exposure 168640 rf 0.0996(20) aux 0.1084 1.21s/it mem/rank 73.9GB
step 21100 exposure 168800 rf 0.0908(20) aux 0.1429 1.19s/it mem/rank 73.9GB
step 21120 exposure 168960 rf 0.0822(20) aux 0.1533 1.19s/it mem/rank 73.9GB
step 21140 exposure 169120 rf 0.1001(20) aux 0.1387 1.19s/it mem/rank 73.9GB
step 21160 exposure 169280 rf 0.0800(20) aux 0.1387 1.19s/it mem/rank 73.9GB
step 21180 exposure 169440 rf 0.0762(20) aux 0.1282 1.19s/it mem/rank 73.9GB
step 21200 exposure 169600 rf 0.0698(20) aux 0.1195 1.19s/it mem/rank 73.9GB
step 21220 exposure 169760 rf 0.0887(20) aux 0.1326 1.19s/it mem/rank 73.9GB
step 21240 exposure 169920 rf 0.1218(20) aux 0.1306 1.19s/it mem/rank 73.9GB
VAL step 21250 val_loss 0.10574  (18초)
saved checkpoint at step 21250
step 21260 exposure 170080 rf 0.1178(20) aux 0.1148 1.44s/it mem/rank 73.9GB
step 21280 exposure 170240 rf 0.1167(20) aux 0.1338 1.20s/it mem/rank 73.9GB
step 21300 exposure 170400 rf 0.1119(20) aux 0.1286 1.19s/it mem/rank 73.9GB
step 21320 exposure 170560 rf 0.0746(20) aux 0.1728 1.21s/it mem/rank 73.9GB
step 21340 exposure 170720 rf 0.1256(20) aux 0.1285 1.19s/it mem/rank 73.9GB
step 21360 exposure 170880 rf 0.0790(20) aux 0.1206 1.19s/it mem/rank 73.9GB
step 21380 exposure 171040 rf 0.0871(20) aux 0.1404 1.19s/it mem/rank 73.9GB
step 21400 exposure 171200 rf 0.0617(20) aux 0.1485 1.19s/it mem/rank 73.9GB
step 21420 exposure 171360 rf 0.0884(20) aux 0.1445 1.19s/it mem/rank 73.9GB
step 21440 exposure 171520 rf 0.1156(20) aux 0.1258 1.19s/it mem/rank 73.9GB
step 21460 exposure 171680 rf 0.1265(20) aux 0.1212 1.19s/it mem/rank 73.9GB
step 21480 exposure 171840 rf 0.1252(20) aux 0.1481 1.20s/it mem/rank 73.9GB
step 21500 exposure 172000 rf 0.1022(20) aux 0.1196 1.19s/it mem/rank 73.9GB
step 21520 exposure 172160 rf 0.0828(20) aux 0.1120 1.19s/it mem/rank 73.9GB
step 21540 exposure 172320 rf 0.1341(20) aux 0.1151 1.19s/it mem/rank 73.9GB
step 21560 exposure 172480 rf 0.1360(20) aux 0.1235 1.20s/it mem/rank 73.9GB
step 21580 exposure 172640 rf 0.0804(20) aux 0.1283 1.22s/it mem/rank 73.9GB
step 21600 exposure 172800 rf 0.0901(20) aux 0.1202 1.19s/it mem/rank 73.9GB
step 21620 exposure 172960 rf 0.1065(20) aux 0.1641 1.19s/it mem/rank 73.9GB
step 21640 exposure 173120 rf 0.0889(20) aux 0.1321 1.19s/it mem/rank 73.9GB
step 21660 exposure 173280 rf 0.0971(20) aux 0.1285 1.19s/it mem/rank 73.9GB
step 21680 exposure 173440 rf 0.0928(20) aux 0.1225 1.22s/it mem/rank 73.9GB
step 21700 exposure 173600 rf 0.1377(20) aux 0.1254 1.19s/it mem/rank 73.9GB
step 21720 exposure 173760 rf 0.1134(20) aux 0.1425 1.19s/it mem/rank 73.9GB
step 21740 exposure 173920 rf 0.1155(20) aux 0.1259 1.19s/it mem/rank 73.9GB
step 21760 exposure 174080 rf 0.1306(20) aux 0.1190 1.20s/it mem/rank 73.9GB
step 21780 exposure 174240 rf 0.1152(20) aux 0.1454 1.23s/it mem/rank 73.9GB
step 21800 exposure 174400 rf 0.1079(20) aux 0.1492 1.21s/it mem/rank 73.9GB
step 21820 exposure 174560 rf 0.0741(20) aux 0.1348 1.23s/it mem/rank 73.9GB
step 21840 exposure 174720 rf 0.1110(20) aux 0.1245 1.19s/it mem/rank 73.9GB
step 21860 exposure 174880 rf 0.0763(20) aux 0.1129 1.19s/it mem/rank 73.9GB
VAL step 21875 val_loss 0.10516  (18초)
saved checkpoint at step 21875
step 21880 exposure 175040 rf 0.1035(20) aux 0.1304 1.44s/it mem/rank 73.9GB
step 21900 exposure 175200 rf 0.1062(20) aux 0.1427 1.22s/it mem/rank 73.9GB
step 21920 exposure 175360 rf 0.1157(20) aux 0.1251 1.19s/it mem/rank 73.9GB
step 21940 exposure 175520 rf 0.0900(20) aux 0.1322 1.19s/it mem/rank 73.9GB
step 21960 exposure 175680 rf 0.1204(20) aux 0.1268 1.19s/it mem/rank 73.9GB
step 21980 exposure 175840 rf 0.0977(20) aux 0.1268 1.19s/it mem/rank 73.9GB
step 22000 exposure 176000 rf 0.1249(20) aux 0.1269 1.19s/it mem/rank 73.9GB
step 22020 exposure 176160 rf 0.1364(20) aux 0.1211 1.19s/it mem/rank 73.9GB
step 22040 exposure 176320 rf 0.0928(20) aux 0.1267 1.19s/it mem/rank 73.9GB
step 22060 exposure 176480 rf 0.0774(20) aux 0.1125 1.19s/it mem/rank 73.9GB
step 22080 exposure 176640 rf 0.1011(20) aux 0.1404 1.19s/it mem/rank 73.9GB
step 22100 exposure 176800 rf 0.1048(20) aux 0.1064 1.19s/it mem/rank 73.9GB
step 22120 exposure 176960 rf 0.0912(20) aux 0.1448 1.19s/it mem/rank 73.9GB
step 22140 exposure 177120 rf 0.1079(20) aux 0.1362 1.19s/it mem/rank 73.9GB
step 22160 exposure 177280 rf 0.0848(20) aux 0.1184 1.19s/it mem/rank 73.9GB
step 22180 exposure 177440 rf 0.1388(20) aux 0.1454 1.20s/it mem/rank 73.9GB
step 22200 exposure 177600 rf 0.1157(20) aux 0.1289 1.20s/it mem/rank 73.9GB
step 22220 exposure 177760 rf 0.0615(20) aux 0.1226 1.20s/it mem/rank 73.9GB
step 22240 exposure 177920 rf 0.0876(20) aux 0.1105 1.19s/it mem/rank 73.9GB
step 22260 exposure 178080 rf 0.1149(20) aux 0.1240 1.19s/it mem/rank 73.9GB
step 22280 exposure 178240 rf 0.0711(20) aux 0.1111 1.19s/it mem/rank 73.9GB
step 22300 exposure 178400 rf 0.0891(20) aux 0.1335 1.23s/it mem/rank 73.9GB
step 22320 exposure 178560 rf 0.1187(20) aux 0.1530 1.19s/it mem/rank 73.9GB
step 22340 exposure 178720 rf 0.0959(20) aux 0.1256 1.19s/it mem/rank 73.9GB
step 22360 exposure 178880 rf 0.1227(20) aux 0.1128 1.19s/it mem/rank 73.9GB
step 22380 exposure 179040 rf 0.1099(20) aux 0.1257 1.21s/it mem/rank 73.9GB
step 22400 exposure 179200 rf 0.0982(20) aux 0.1221 1.19s/it mem/rank 73.9GB
step 22420 exposure 179360 rf 0.0909(20) aux 0.1387 1.19s/it mem/rank 73.9GB
step 22440 exposure 179520 rf 0.0857(20) aux 0.1142 1.19s/it mem/rank 73.9GB
step 22460 exposure 179680 rf 0.0802(20) aux 0.1006 1.21s/it mem/rank 73.9GB
step 22480 exposure 179840 rf 0.1021(20) aux 0.1271 1.21s/it mem/rank 73.9GB
step 22500 exposure 180000 rf 0.1079(20) aux 0.1220 1.19s/it mem/rank 73.9GB
VAL step 22500 val_loss 0.10516  (18초)
saved checkpoint at step 22500
step 22520 exposure 180160 rf 0.1259(20) aux 0.1334 2.23s/it mem/rank 73.9GB
step 22540 exposure 180320 rf 0.0796(20) aux 0.1219 1.24s/it mem/rank 73.9GB
step 22560 exposure 180480 rf 0.1275(20) aux 0.1241 1.19s/it mem/rank 73.9GB
step 22580 exposure 180640 rf 0.1089(20) aux 0.1126 1.19s/it mem/rank 73.9GB
step 22600 exposure 180800 rf 0.1115(20) aux 0.1095 1.19s/it mem/rank 73.9GB
step 22620 exposure 180960 rf 0.1023(20) aux 0.1249 1.19s/it mem/rank 73.9GB
step 22640 exposure 181120 rf 0.0994(20) aux 0.1165 1.19s/it mem/rank 73.9GB
step 22660 exposure 181280 rf 0.0807(20) aux 0.1193 1.19s/it mem/rank 73.9GB
step 22680 exposure 181440 rf 0.0980(20) aux 0.1299 1.19s/it mem/rank 73.9GB
step 22700 exposure 181600 rf 0.1158(20) aux 0.1130 1.19s/it mem/rank 73.9GB
step 22720 exposure 181760 rf 0.0863(20) aux 0.1287 1.19s/it mem/rank 73.9GB
step 22740 exposure 181920 rf 0.1064(20) aux 0.1226 1.19s/it mem/rank 73.9GB
step 22760 exposure 182080 rf 0.0948(20) aux 0.1283 1.19s/it mem/rank 73.9GB
step 22780 exposure 182240 rf 0.0995(20) aux 0.1344 1.19s/it mem/rank 73.9GB
step 22800 exposure 182400 rf 0.1044(20) aux 0.1159 1.19s/it mem/rank 73.9GB
step 22820 exposure 182560 rf 0.0608(20) aux 0.1004 1.19s/it mem/rank 73.9GB
step 22840 exposure 182720 rf 0.0963(20) aux 0.1134 1.19s/it mem/rank 73.9GB
step 22860 exposure 182880 rf 0.0704(20) aux 0.0942 1.19s/it mem/rank 73.9GB
step 22880 exposure 183040 rf 0.0920(20) aux 0.1236 1.19s/it mem/rank 73.9GB
step 22900 exposure 183200 rf 0.0923(20) aux 0.1268 1.20s/it mem/rank 73.9GB
step 22920 exposure 183360 rf 0.1000(20) aux 0.1310 1.19s/it mem/rank 73.9GB
step 22940 exposure 183520 rf 0.1164(20) aux 0.1447 1.19s/it mem/rank 73.9GB
step 22960 exposure 183680 rf 0.0907(20) aux 0.1205 1.19s/it mem/rank 73.9GB
step 22980 exposure 183840 rf 0.0731(20) aux 0.1423 1.22s/it mem/rank 73.9GB
step 23000 exposure 184000 rf 0.0781(20) aux 0.1157 1.23s/it mem/rank 73.9GB
step 23020 exposure 184160 rf 0.1106(20) aux 0.1340 1.21s/it mem/rank 73.9GB
step 23040 exposure 184320 rf 0.1024(20) aux 0.1237 1.19s/it mem/rank 73.9GB
step 23060 exposure 184480 rf 0.1165(20) aux 0.1298 1.19s/it mem/rank 73.9GB
step 23080 exposure 184640 rf 0.0887(20) aux 0.1217 1.19s/it mem/rank 73.9GB
step 23100 exposure 184800 rf 0.1227(20) aux 0.1458 1.21s/it mem/rank 73.9GB
step 23120 exposure 184960 rf 0.0783(20) aux 0.1300 1.19s/it mem/rank 73.9GB
VAL step 23125 val_loss 0.10537  (18초)
saved checkpoint at step 23125
step 23140 exposure 185120 rf 0.0911(20) aux 0.1242 1.90s/it mem/rank 73.9GB
step 23160 exposure 185280 rf 0.1275(20) aux 0.1184 1.19s/it mem/rank 73.9GB
step 23180 exposure 185440 rf 0.1093(20) aux 0.1228 1.19s/it mem/rank 73.9GB
step 23200 exposure 185600 rf 0.1069(20) aux 0.1181 1.19s/it mem/rank 73.9GB
step 23220 exposure 185760 rf 0.1066(20) aux 0.1153 1.19s/it mem/rank 73.9GB
step 23240 exposure 185920 rf 0.0604(20) aux 0.1058 1.19s/it mem/rank 73.9GB
step 23260 exposure 186080 rf 0.1020(20) aux 0.1294 1.19s/it mem/rank 73.9GB
step 23280 exposure 186240 rf 0.1106(20) aux 0.1319 1.19s/it mem/rank 73.9GB
step 23300 exposure 186400 rf 0.1211(20) aux 0.1105 1.19s/it mem/rank 73.9GB
step 23320 exposure 186560 rf 0.0944(20) aux 0.1136 1.19s/it mem/rank 73.9GB
step 23340 exposure 186720 rf 0.1342(20) aux 0.1287 1.19s/it mem/rank 73.9GB
step 23360 exposure 186880 rf 0.1089(20) aux 0.1359 1.19s/it mem/rank 73.9GB
step 23380 exposure 187040 rf 0.0882(20) aux 0.1365 1.19s/it mem/rank 73.9GB
step 23400 exposure 187200 rf 0.1113(20) aux 0.1307 1.19s/it mem/rank 73.9GB
step 23420 exposure 187360 rf 0.1025(20) aux 0.1413 1.19s/it mem/rank 73.9GB
step 23440 exposure 187520 rf 0.0941(20) aux 0.1203 1.19s/it mem/rank 73.9GB
step 23460 exposure 187680 rf 0.1075(20) aux 0.1073 1.19s/it mem/rank 73.9GB
step 23480 exposure 187840 rf 0.0973(20) aux 0.1293 1.21s/it mem/rank 73.9GB
step 23500 exposure 188000 rf 0.0994(20) aux 0.1412 1.19s/it mem/rank 73.9GB
step 23520 exposure 188160 rf 0.0992(20) aux 0.1312 1.19s/it mem/rank 73.9GB
step 23540 exposure 188320 rf 0.1045(20) aux 0.1226 1.19s/it mem/rank 73.9GB
step 23560 exposure 188480 rf 0.1117(20) aux 0.1277 1.20s/it mem/rank 73.9GB
step 23580 exposure 188640 rf 0.0901(20) aux 0.1452 1.21s/it mem/rank 73.9GB
step 23600 exposure 188800 rf 0.0965(20) aux 0.1360 1.19s/it mem/rank 73.9GB
step 23620 exposure 188960 rf 0.0748(20) aux 0.1278 1.19s/it mem/rank 73.9GB
step 23640 exposure 189120 rf 0.1001(20) aux 0.1183 1.21s/it mem/rank 73.9GB
step 23660 exposure 189280 rf 0.0947(20) aux 0.1372 1.19s/it mem/rank 73.9GB
step 23680 exposure 189440 rf 0.0966(20) aux 0.1287 1.19s/it mem/rank 73.9GB
step 23700 exposure 189600 rf 0.0996(20) aux 0.1384 1.20s/it mem/rank 73.9GB
step 23720 exposure 189760 rf 0.0849(20) aux 0.1248 1.19s/it mem/rank 73.9GB
step 23740 exposure 189920 rf 0.1118(20) aux 0.1196 1.19s/it mem/rank 73.9GB
VAL step 23750 val_loss 0.10435  (18초)
saved checkpoint at step 23750
step 23760 exposure 190080 rf 0.1040(20) aux 0.1294 2.03s/it mem/rank 73.9GB
step 23780 exposure 190240 rf 0.0843(20) aux 0.1167 1.19s/it mem/rank 73.9GB
step 23800 exposure 190400 rf 0.1309(20) aux 0.1415 1.19s/it mem/rank 73.9GB
step 23820 exposure 190560 rf 0.1156(20) aux 0.1282 1.20s/it mem/rank 73.9GB
step 23840 exposure 190720 rf 0.0789(20) aux 0.1224 1.19s/it mem/rank 73.9GB
step 23860 exposure 190880 rf 0.0856(20) aux 0.1121 1.19s/it mem/rank 73.9GB
step 23880 exposure 191040 rf 0.1040(20) aux 0.1299 1.21s/it mem/rank 73.9GB
step 23900 exposure 191200 rf 0.1158(20) aux 0.1233 1.21s/it mem/rank 73.9GB
step 23920 exposure 191360 rf 0.0978(20) aux 0.1531 1.19s/it mem/rank 73.9GB
step 23940 exposure 191520 rf 0.0759(20) aux 0.1130 1.19s/it mem/rank 73.9GB
step 23960 exposure 191680 rf 0.0965(20) aux 0.1199 1.19s/it mem/rank 73.9GB
step 23980 exposure 191840 rf 0.0969(20) aux 0.1176 1.19s/it mem/rank 73.9GB
step 24000 exposure 192000 rf 0.1156(20) aux 0.1317 1.19s/it mem/rank 73.9GB
step 24020 exposure 192160 rf 0.0789(20) aux 0.1188 1.19s/it mem/rank 73.9GB
step 24040 exposure 192320 rf 0.1285(20) aux 0.1370 1.20s/it mem/rank 73.9GB
step 24060 exposure 192480 rf 0.1059(20) aux 0.1219 1.19s/it mem/rank 73.9GB
step 24080 exposure 192640 rf 0.0583(20) 1.19s/it mem/rank 73.9GB
step 24100 exposure 192800 rf 0.1108(20) aux 0.1244 1.19s/it mem/rank 73.9GB
step 24120 exposure 192960 rf 0.0940(20) aux 0.1369 1.19s/it mem/rank 73.9GB
step 24140 exposure 193120 rf 0.1191(20) aux 0.1200 1.19s/it mem/rank 73.9GB
step 24160 exposure 193280 rf 0.0961(20) aux 0.1215 1.21s/it mem/rank 73.9GB
step 24180 exposure 193440 rf 0.1034(20) aux 0.1327 1.22s/it mem/rank 73.9GB
step 24200 exposure 193600 rf 0.1309(20) aux 0.1185 1.20s/it mem/rank 73.9GB
step 24220 exposure 193760 rf 0.0768(20) aux 0.1095 1.19s/it mem/rank 73.9GB
step 24240 exposure 193920 rf 0.1102(20) aux 0.1158 1.19s/it mem/rank 73.9GB
step 24260 exposure 194080 rf 0.0992(20) aux 0.1314 1.19s/it mem/rank 73.9GB
step 24280 exposure 194240 rf 0.1146(20) aux 0.1192 1.19s/it mem/rank 73.9GB
step 24300 exposure 194400 rf 0.1328(20) aux 0.1296 1.21s/it mem/rank 73.9GB
step 24320 exposure 194560 rf 0.1098(20) aux 0.1307 1.20s/it mem/rank 73.9GB
step 24340 exposure 194720 rf 0.1019(20) aux 0.1266 1.19s/it mem/rank 73.9GB
step 24360 exposure 194880 rf 0.1222(20) aux 0.1271 1.21s/it mem/rank 73.9GB
VAL step 24375 val_loss 0.10400  (18초)
saved checkpoint at step 24375
step 24380 exposure 195040 rf 0.0855(20) aux 0.1146 1.51s/it mem/rank 73.9GB
step 24400 exposure 195200 rf 0.1098(20) aux 0.1181 1.19s/it mem/rank 73.9GB
step 24420 exposure 195360 rf 0.1296(20) aux 0.1157 1.21s/it mem/rank 73.9GB
step 24440 exposure 195520 rf 0.1177(20) aux 0.1473 1.19s/it mem/rank 73.9GB
step 24460 exposure 195680 rf 0.1203(20) aux 0.1238 1.19s/it mem/rank 73.9GB
step 24480 exposure 195840 rf 0.0851(20) aux 0.1448 1.19s/it mem/rank 73.9GB
step 24500 exposure 196000 rf 0.0968(20) aux 0.1268 1.19s/it mem/rank 73.9GB
step 24520 exposure 196160 rf 0.0841(20) aux 0.1204 1.19s/it mem/rank 73.9GB
step 24540 exposure 196320 rf 0.1014(20) aux 0.1299 1.19s/it mem/rank 73.9GB
step 24560 exposure 196480 rf 0.0923(20) aux 0.1234 1.19s/it mem/rank 73.9GB
step 24580 exposure 196640 rf 0.0886(20) aux 0.1351 1.19s/it mem/rank 73.9GB
step 24600 exposure 196800 rf 0.1261(20) aux 0.1247 1.19s/it mem/rank 73.9GB
step 24620 exposure 196960 rf 0.0891(20) aux 0.1381 1.19s/it mem/rank 73.9GB
step 24640 exposure 197120 rf 0.0966(20) aux 0.1376 1.19s/it mem/rank 73.9GB
step 24660 exposure 197280 rf 0.0828(20) aux 0.1315 1.19s/it mem/rank 73.9GB
step 24680 exposure 197440 rf 0.1050(20) aux 0.1303 1.19s/it mem/rank 73.9GB
step 24700 exposure 197600 rf 0.0878(20) aux 0.1266 1.19s/it mem/rank 73.9GB
step 24720 exposure 197760 rf 0.0865(20) aux 0.1211 1.19s/it mem/rank 73.9GB
step 24740 exposure 197920 rf 0.0905(20) aux 0.1251 1.19s/it mem/rank 73.9GB
step 24760 exposure 198080 rf 0.1214(20) aux 0.1481 1.21s/it mem/rank 73.9GB
step 24780 exposure 198240 rf 0.1026(20) aux 0.1239 1.19s/it mem/rank 73.9GB
step 24800 exposure 198400 rf 0.0891(20) aux 0.1297 1.19s/it mem/rank 73.9GB
step 24820 exposure 198560 rf 0.1096(20) aux 0.1386 1.19s/it mem/rank 73.9GB
step 24840 exposure 198720 rf 0.0894(20) aux 0.1352 1.19s/it mem/rank 73.9GB
step 24860 exposure 198880 rf 0.1024(20) aux 0.1138 1.19s/it mem/rank 73.9GB
step 24880 exposure 199040 rf 0.0802(20) aux 0.1425 1.21s/it mem/rank 73.9GB
step 24900 exposure 199200 rf 0.1064(20) aux 0.1286 1.19s/it mem/rank 73.9GB
step 24920 exposure 199360 rf 0.0984(20) aux 0.1217 1.19s/it mem/rank 73.9GB
step 24940 exposure 199520 rf 0.1137(20) aux 0.1156 1.19s/it mem/rank 73.9GB
step 24960 exposure 199680 rf 0.0895(20) aux 0.1105 1.19s/it mem/rank 73.9GB
step 24980 exposure 199840 rf 0.0972(20) aux 0.1246 1.19s/it mem/rank 73.9GB
step 25000 exposure 200000 rf 0.1090(20) aux 0.1220 1.19s/it mem/rank 73.9GB
VAL step 25000 val_loss 0.10385  (18초)
saved checkpoint at step 25000
목표 스텝 25000 도달 — 종료 (현재 25000)
